Archive member included to satisfy reference by file (symbol)

D:/SoftWare/STM32CubeCLT_1.21.0/GNU-tools-for-STM32/bin/../lib/gcc/arm-none-eabi/14.3.1/../../../../arm-none-eabi/lib/thumb/v7e-m+fp/hard\libstdc++_nano.a(atexit_arm.o)
                              CMakeFiles/motor_lib.dir/Platform/Motor/Platform_Motor.cpp.obj (__aeabi_atexit)
D:/SoftWare/STM32CubeCLT_1.21.0/GNU-tools-for-STM32/bin/../lib/gcc/arm-none-eabi/14.3.1/../../../../arm-none-eabi/lib/thumb/v7e-m+fp/hard\libm.a(libm_a-wf_atan2.o)
                              CMakeFiles/motor_lib.dir/Lib/Motor/Core/Debug/Motor_ManagerDebug.cpp.obj (atan2f)
D:/SoftWare/STM32CubeCLT_1.21.0/GNU-tools-for-STM32/bin/../lib/gcc/arm-none-eabi/14.3.1/../../../../arm-none-eabi/lib/thumb/v7e-m+fp/hard\libm.a(libm_a-wf_log.o)
                              CMakeFiles/motor_lib.dir/Lib/Motor/Core/Sampling/Motor_ManagerSampling.cpp.obj (logf)
D:/SoftWare/STM32CubeCLT_1.21.0/GNU-tools-for-STM32/bin/../lib/gcc/arm-none-eabi/14.3.1/../../../../arm-none-eabi/lib/thumb/v7e-m+fp/hard\libm.a(libm_a-wf_sqrt.o)
                              CMakeFiles/motor_lib.dir/Lib/Motor/Core/Debug/Motor_ManagerDebug.cpp.obj (sqrtf)
D:/SoftWare/STM32CubeCLT_1.21.0/GNU-tools-for-STM32/bin/../lib/gcc/arm-none-eabi/14.3.1/../../../../arm-none-eabi/lib/thumb/v7e-m+fp/hard\libm.a(libm_a-sf_cos.o)
                              CMakeFiles/motor_lib.dir/Lib/Motor/Core/Debug/Motor_ManagerDebug.cpp.obj (cosf)
D:/SoftWare/STM32CubeCLT_1.21.0/GNU-tools-for-STM32/bin/../lib/gcc/arm-none-eabi/14.3.1/../../../../arm-none-eabi/lib/thumb/v7e-m+fp/hard\libm.a(libm_a-sf_sin.o)
                              CMakeFiles/motor_lib.dir/Lib/Motor/Core/Debug/Motor_ManagerDebug.cpp.obj (sinf)
D:/SoftWare/STM32CubeCLT_1.21.0/GNU-tools-for-STM32/bin/../lib/gcc/arm-none-eabi/14.3.1/../../../../arm-none-eabi/lib/thumb/v7e-m+fp/hard\libm.a(libm_a-sf_nan.o)
                              D:/SoftWare/STM32CubeCLT_1.21.0/GNU-tools-for-STM32/bin/../lib/gcc/arm-none-eabi/14.3.1/../../../../arm-none-eabi/lib/thumb/v7e-m+fp/hard\libm.a(libm_a-wf_log.o) (nanf)
D:/SoftWare/STM32CubeCLT_1.21.0/GNU-tools-for-STM32/bin/../lib/gcc/arm-none-eabi/14.3.1/../../../../arm-none-eabi/lib/thumb/v7e-m+fp/hard\libm.a(libm_a-ef_sqrt.o)
                              D:/SoftWare/STM32CubeCLT_1.21.0/GNU-tools-for-STM32/bin/../lib/gcc/arm-none-eabi/14.3.1/../../../../arm-none-eabi/lib/thumb/v7e-m+fp/hard\libm.a(libm_a-wf_sqrt.o) (__ieee754_sqrtf)
D:/SoftWare/STM32CubeCLT_1.21.0/GNU-tools-for-STM32/bin/../lib/gcc/arm-none-eabi/14.3.1/../../../../arm-none-eabi/lib/thumb/v7e-m+fp/hard\libm.a(libm_a-kf_cos.o)
                              D:/SoftWare/STM32CubeCLT_1.21.0/GNU-tools-for-STM32/bin/../lib/gcc/arm-none-eabi/14.3.1/../../../../arm-none-eabi/lib/thumb/v7e-m+fp/hard\libm.a(libm_a-sf_cos.o) (__kernel_cosf)
D:/SoftWare/STM32CubeCLT_1.21.0/GNU-tools-for-STM32/bin/../lib/gcc/arm-none-eabi/14.3.1/../../../../arm-none-eabi/lib/thumb/v7e-m+fp/hard\libm.a(libm_a-kf_sin.o)
                              D:/SoftWare/STM32CubeCLT_1.21.0/GNU-tools-for-STM32/bin/../lib/gcc/arm-none-eabi/14.3.1/../../../../arm-none-eabi/lib/thumb/v7e-m+fp/hard\libm.a(libm_a-sf_cos.o) (__kernel_sinf)
D:/SoftWare/STM32CubeCLT_1.21.0/GNU-tools-for-STM32/bin/../lib/gcc/arm-none-eabi/14.3.1/../../../../arm-none-eabi/lib/thumb/v7e-m+fp/hard\libm.a(libm_a-ef_atan2.o)
                              D:/SoftWare/STM32CubeCLT_1.21.0/GNU-tools-for-STM32/bin/../lib/gcc/arm-none-eabi/14.3.1/../../../../arm-none-eabi/lib/thumb/v7e-m+fp/hard\libm.a(libm_a-wf_atan2.o) (__ieee754_atan2f)
D:/SoftWare/STM32CubeCLT_1.21.0/GNU-tools-for-STM32/bin/../lib/gcc/arm-none-eabi/14.3.1/../../../../arm-none-eabi/lib/thumb/v7e-m+fp/hard\libm.a(libm_a-ef_log.o)
                              D:/SoftWare/STM32CubeCLT_1.21.0/GNU-tools-for-STM32/bin/../lib/gcc/arm-none-eabi/14.3.1/../../../../arm-none-eabi/lib/thumb/v7e-m+fp/hard\libm.a(libm_a-wf_log.o) (__ieee754_logf)
D:/SoftWare/STM32CubeCLT_1.21.0/GNU-tools-for-STM32/bin/../lib/gcc/arm-none-eabi/14.3.1/../../../../arm-none-eabi/lib/thumb/v7e-m+fp/hard\libm.a(libm_a-ef_rem_pio2.o)
                              D:/SoftWare/STM32CubeCLT_1.21.0/GNU-tools-for-STM32/bin/../lib/gcc/arm-none-eabi/14.3.1/../../../../arm-none-eabi/lib/thumb/v7e-m+fp/hard\libm.a(libm_a-sf_cos.o) (__ieee754_rem_pio2f)
D:/SoftWare/STM32CubeCLT_1.21.0/GNU-tools-for-STM32/bin/../lib/gcc/arm-none-eabi/14.3.1/../../../../arm-none-eabi/lib/thumb/v7e-m+fp/hard\libm.a(libm_a-sf_atan.o)
                              D:/SoftWare/STM32CubeCLT_1.21.0/GNU-tools-for-STM32/bin/../lib/gcc/arm-none-eabi/14.3.1/../../../../arm-none-eabi/lib/thumb/v7e-m+fp/hard\libm.a(libm_a-ef_atan2.o) (atanf)
D:/SoftWare/STM32CubeCLT_1.21.0/GNU-tools-for-STM32/bin/../lib/gcc/arm-none-eabi/14.3.1/../../../../arm-none-eabi/lib/thumb/v7e-m+fp/hard\libm.a(libm_a-sf_fabs.o)
[...]
Memory Configuration

Name             Origin             Length             Attributes
RAM              0x20000000         0x00008000         xrw
FLASH            0x08000000         0x00020000         xr
*default*        0x00000000         0xffffffff

Linker script and memory map

LOAD D:/SoftWare/STM32CubeCLT_1.21.0/GNU-tools-for-STM32/bin/../lib/gcc/arm-none-eabi/14.3.1/thumb/v7e-m+fp/hard/crti.o
LOAD D:/SoftWare/STM32CubeCLT_1.21.0/GNU-tools-for-STM32/bin/../lib/gcc/arm-none-eabi/14.3.1/thumb/v7e-m+fp/hard/crtbegin.o
LOAD D:/SoftWare/STM32CubeCLT_1.21.0/GNU-tools-for-STM32/bin/../lib/gcc/arm-none-eabi/14.3.1/../../../../arm-none-eabi/lib/thumb/v7e-m+fp/hard/crt0.o
LOAD cmake/stm32cubemx/CMakeFiles/STM32_Drivers.dir/__/__/Core/Src/system_stm32g4xx.c.obj
LOAD cmake/stm32cubemx/CMakeFiles/STM32_Drivers.dir/__/__/Drivers/STM32G4xx_HAL_Driver/Src/stm32g4xx_hal_adc.c.obj
LOAD cmake/stm32cubemx/CMakeFiles/STM32_Drivers.dir/__/__/Drivers/STM32G4xx_HAL_Driver/Src/stm32g4xx_hal_adc_ex.c.obj
LOAD cmake/stm32cubemx/CMakeFiles/STM32_Drivers.dir/__/__/Drivers/STM32G4xx_HAL_Driver/Src/stm32g4xx_ll_adc.c.obj
LOAD cmake/stm32cubemx/CMakeFiles/STM32_Drivers.dir/__/__/Drivers/STM32G4xx_HAL_Driver/Src/stm32g4xx_hal.c.obj
LOAD cmake/stm32cubemx/CMakeFiles/STM32_Drivers.dir/__/__/Drivers/STM32G4xx_HAL_Driver/Src/stm32g4xx_hal_rcc.c.obj
LOAD cmake/stm32cubemx/CMakeFiles/STM32_Drivers.dir/__/__/Drivers/STM32G4xx_HAL_Driver/Src/stm32g4xx_hal_rcc_ex.c.obj
LOAD cmake/stm32cubemx/CMakeFiles/STM32_Drivers.dir/__/__/Drivers/STM32G4xx_HAL_Driver/Src/stm32g4xx_hal_flash.c.obj
LOAD cmake/stm32cubemx/CMakeFiles/STM32_Drivers.dir/__/__/Drivers/STM32G4xx_HAL_Driver/Src/stm32g4xx_hal_flash_ex.c.obj
LOAD cmake/stm32cubemx/CMakeFiles/STM32_Drivers.dir/__/__/Drivers/STM32G4xx_HAL_Driver/Src/stm32g4xx_hal_flash_ramfunc.c.obj
LOAD cmake/stm32cubemx/CMakeFiles/STM32_Drivers.dir/__/__/Drivers/STM32G4xx_HAL_Driver/Src/stm32g4xx_hal_gpio.c.obj
LOAD cmake/stm32cubemx/CMakeFiles/STM32_Drivers.dir/__/__/Drivers/STM32G4xx_HAL_Driver/Src/stm32g4xx_hal_exti.c.obj
LOAD cmake/stm32cubemx/CMakeFiles/STM32_Drivers.dir/__/__/Drivers/STM32G4xx_HAL_Driver/Src/stm32g4xx_hal_dma.c.obj
LOAD cmake/stm32cubemx/CMakeFiles/STM32_Drivers.dir/__/__/Drivers/STM32G4xx_HAL_Driver/Src/stm32g4xx_hal_dma_ex.c.obj
LOAD cmake/stm32cubemx/CMakeFiles/STM32_Drivers.dir/__/__/Drivers/STM32G4xx_HAL_Driver/Src/stm32g4xx_hal_pwr.c.obj
LOAD cmake/stm32cubemx/CMakeFiles/STM32_Drivers.dir/__/__/Drivers/STM32G4xx_HAL_Driver/Src/stm32g4xx_hal_pwr_ex.c.obj
LOAD cmake/stm32cubemx/CMakeFiles/STM32_Drivers.dir/__/__/Drivers/STM32G4xx_HAL_Driver/Src/stm32g4xx_hal_cortex.c.obj
LOAD cmake/stm32cubemx/CMakeFiles/STM32_Drivers.dir/__/__/Drivers/STM32G4xx_HAL_Driver/Src/stm32g4xx_hal_cordic.c.obj
LOAD cmake/stm32cubemx/CMakeFiles/STM32_Drivers.dir/__/__/Drivers/STM32G4xx_HAL_Driver/Src/stm32g4xx_hal_tim.c.obj
LOAD cmake/stm32cubemx/CMakeFiles/STM32_Drivers.dir/__/__/Drivers/STM32G4xx_HAL_Driver/Src/stm32g4xx_hal_tim_ex.c.obj
LOAD cmake/stm32cubemx/CMakeFiles/STM32_Drivers.dir/__/__/Drivers/STM32G4xx_HAL_Driver/Src/stm32g4xx_hal_uart.c.obj
LOAD cmake/stm32cubemx/CMakeFiles/STM32_Drivers.dir/__/__/Drivers/STM32G4xx_HAL_Driver/Src/stm32g4xx_hal_uart_ex.c.obj
LOAD CMakeFiles/motor_lib.dir/Core/Src/main.c.obj
LOAD CMakeFiles/motor_lib.dir/Core/Src/stm32g4xx_it.c.obj
LOAD CMakeFiles/motor_lib.dir/Core/Src/stm32g4xx_hal_msp.c.obj
LOAD CMakeFiles/motor_lib.dir/Core/Src/sysmem.c.obj
LOAD CMakeFiles/motor_lib.dir/Core/Src/syscalls.c.obj
LOAD CMakeFiles/motor_lib.dir/startup_stm32g431xx.s.obj
LOAD CMakeFiles/motor_lib.dir/BSP/Communication/VOFA/BSP_VOFA.cpp.obj
LOAD CMakeFiles/motor_lib.dir/BSP/Motor/BSP_Motor.cpp.obj
LOAD CMakeFiles/motor_lib.dir/BSP/Sensor/BSP_ABZ/BSP_ABZ.cpp.obj
LOAD CMakeFiles/motor_lib.dir/BSP/Sensor/BSP_AS5600/BSP_AS5600.cpp.obj
LOAD CMakeFiles/motor_lib.dir/BSP/Sensor/BSP_HALL3/BSP_HALL3.cpp.obj
LOAD CMakeFiles/motor_lib.dir/Lib/Communication/VOFA/Core/VOFA_Buffer.cpp.obj
LOAD CMakeFiles/motor_lib.dir/Lib/Communication/VOFA/Core/VOFA_Sender.cpp.obj
LOAD CMakeFiles/motor_lib.dir/Lib/Motor/Core/API/Motor_API.cpp.obj
LOAD CMakeFiles/motor_lib.dir/Lib/Motor/Core/Debug/Motor_ManagerDebug.cpp.obj
LOAD CMakeFiles/motor_lib.dir/Lib/Motor/Core/FSM/AngleFSM/Motor_AngleFSM.cpp.obj
LOAD CMakeFiles/motor_lib.dir/Lib/Motor/Core/FSM/CommandFSM/Motor_CommandFSM.cpp.obj
LOAD CMakeFiles/motor_lib.dir/Lib/Motor/Core/FSM/EnergyFSM/Motor_EnergyFSM.cpp.obj
LOAD CMakeFiles/motor_lib.dir/Lib/Motor/Core/FSM/LifecycleFSM/Motor_LifecycleFSM.cpp.obj
LOAD CMakeFiles/motor_lib.dir/Lib/Motor/Core/FSM/Motor_FSM.cpp.obj
LOAD CMakeFiles/motor_lib.dir/Lib/Motor/Core/FSM/RunPhaseFSM/Motor_RunPhaseFSM.cpp.obj
LOAD CMakeFiles/motor_lib.dir/Lib/Motor/Core/FSM/SafetyFSM/Motor_SafetyFSM.cpp.obj
LOAD CMakeFiles/motor_lib.dir/Lib/Motor/Core/FSM/StopFSM/Motor_StopFSM.cpp.obj
LOAD CMakeFiles/motor_lib.dir/Lib/Motor/Core/FSM/StreamFSM/Motor_StreamFSM.cpp.obj
LOAD CMakeFiles/motor_lib.dir/Lib/Motor/Core/Feature/Motor_FeatureRegistry.cpp.obj
LOAD CMakeFiles/motor_lib.dir/Lib/Motor/Core/Identify/Motor_RLIdentifyRoutine.cpp.obj
LOAD CMakeFiles/motor_lib.dir/Lib/Motor/Core/Limit/Motor_TargetLimiter.cpp.obj
LOAD CMakeFiles/motor_lib.dir/Lib/Motor/Core/Manager/Motor_Manager.cpp.obj
LOAD CMakeFiles/motor_lib.dir/Lib/Motor/Core/Manager/Motor_ManagerAPI.cpp.obj
LOAD CMakeFiles/motor_lib.dir/Lib/Motor/Core/Monitor/Motor_ManagerMonitor.cpp.obj
LOAD CMakeFiles/motor_lib.dir/Lib/Motor/Core/RunPlan/Motor_RunPlan.cpp.obj
LOAD CMakeFiles/motor_lib.dir/Lib/Motor/Core/Runtime/Motor_ManagerRuntime.cpp.obj
LOAD CMakeFiles/motor_lib.dir/Lib/Motor/Core/Safety/Motor_CommandGuard.cpp.obj
LOAD CMakeFiles/motor_lib.dir/Lib/Motor/Core/Safety/Motor_ConfigCheck.cpp.obj
LOAD CMakeFiles/motor_lib.dir/Lib/Motor/Core/Safety/Motor_FaultDetailString.cpp.obj
LOAD CMakeFiles/motor_lib.dir/Lib/Motor/Core/Safety/Motor_ManagerSafety.cpp.obj
LOAD CMakeFiles/motor_lib.dir/Lib/Motor/Core/Safety/Motor_RuntimeMonitor.cpp.obj
LOAD CMakeFiles/motor_lib.dir/Lib/Motor/Core/Safety/Motor_SignalHealth.cpp.obj
LOAD CMakeFiles/motor_lib.dir/Lib/Motor/Core/Sampling/Motor_ManagerSampling.cpp.obj
LOAD CMakeFiles/motor_lib.dir/Lib/Motor/Core/Startup/FlyingStart/Motor_FlyingStartRoutine.cpp.obj
LOAD CMakeFiles/motor_lib.dir/Lib/Motor/Core/Startup/Motor_ManagerStartup.cpp.obj
LOAD CMakeFiles/motor_lib.dir/Lib/Sensor/ABZ/ABZ_Driver.cpp.obj
LOAD CMakeFiles/motor_lib.dir/Lib/Sensor/AS5600/AS5600_Driver.cpp.obj
LOAD CMakeFiles/motor_lib.dir/Lib/Sensor/HALL3/HALL3_Driver.cpp.obj
LOAD CMakeFiles/motor_lib.dir/Platform/Communication/VOFA/Platform_VOFA.cpp.obj
LOAD CMakeFiles/motor_lib.dir/Platform/Motor/Platform_Motor.cpp.obj
LOAD CMakeFiles/motor_lib.dir/Platform/Motor/TestCfg/Platform_MotorTestConfig.cpp.obj
LOAD CMakeFiles/motor_lib.dir/Platform/Sensor/ABZ/Platform_ABZ.cpp.obj
LOAD CMakeFiles/motor_lib.dir/Platform/Sensor/AS5600/Platform_AS5600.cpp.obj
LOAD CMakeFiles/motor_lib.dir/Platform/Sensor/HALL3/Platform_HALL3.cpp.obj
LOAD CMakeFiles/motor_lib.dir/UserAPP/App/Axis/App_AxisService.cpp.obj
LOAD CMakeFiles/motor_lib.dir/UserAPP/App/Core/App_Application.cpp.obj
LOAD CMakeFiles/motor_lib.dir/UserAPP/App/Core/App_CommandInbox.cpp.obj
LOAD CMakeFiles/motor_lib.dir/UserAPP/App/Energy/App_EnergyCoordinator.cpp.obj
LOAD CMakeFiles/motor_lib.dir/UserAPP/App/Motion/App_MotionCoordinator.cpp.obj
LOAD CMakeFiles/motor_lib.dir/UserAPP/App/Sync/App_SyncCoordinator.cpp.obj
LOAD CMakeFiles/motor_lib.dir/UserAPP/Usermain.cpp.obj
LOAD D:/SoftWare/STM32CubeCLT_1.21.0/GNU-tools-for-STM32/bin/../lib/gcc/arm-none-eabi/14.3.1/../../../../arm-none-eabi/lib/thumb/v7e-m+fp/hard\libstdc++_nano.a
LOAD D:/SoftWare/STM32CubeCLT_1.21.0/GNU-tools-for-STM32/bin/../lib/gcc/arm-none-eabi/14.3.1/../../../../arm-none-eabi/lib/thumb/v7e-m+fp/hard\libm.a
START GROUP
LOAD D:/SoftWare/STM32CubeCLT_1.21.0/GNU-tools-for-STM32/bin/../lib/gcc/arm-none-eabi/14.3.1/thumb/v7e-m+fp/hard\libgcc.a
LOAD D:/SoftWare/STM32CubeCLT_1.21.0/GNU-tools-for-STM32/bin/../lib/gcc/arm-none-eabi/14.3.1/../../../../arm-none-eabi/lib/thumb/v7e-m+fp/hard\libg_nano.a
LOAD D:/SoftWare/STM32CubeCLT_1.21.0/GNU-tools-for-STM32/bin/../lib/gcc/arm-none-eabi/14.3.1/../../../../arm-none-eabi/lib/thumb/v7e-m+fp/hard\libc_nano.a
END GROUP
START GROUP
LOAD D:/SoftWare/STM32CubeCLT_1.21.0/GNU-tools-for-STM32/bin/../lib/gcc/arm-none-eabi/14.3.1/thumb/v7e-m+fp/hard\libgcc.a
LOAD D:/SoftWare/STM32CubeCLT_1.21.0/GNU-tools-for-STM32/bin/../lib/gcc/arm-none-eabi/14.3.1/../../../../arm-none-eabi/lib/thumb/v7e-m+fp/hard\libc_nano.a
END GROUP
LOAD D:/SoftWare/STM32CubeCLT_1.21.0/GNU-tools-for-STM32/bin/../lib/gcc/arm-none-eabi/14.3.1/thumb/v7e-m+fp/hard/crtend.o
LOAD D:/SoftWare/STM32CubeCLT_1.21.0/GNU-tools-for-STM32/bin/../lib/gcc/arm-none-eabi/14.3.1/thumb/v7e-m+fp/hard/crtn.o
                0x20008000                        _estack = (ORIGIN (RAM) + LENGTH (RAM))
                0x20007c00                        _sstack = (_estack - _Min_Stack_Size)
                0x00000200                        _Min_Heap_Size = 0x200
                0x00000400                        _Min_Stack_Size = 0x400

.isr_vector     0x08000000      0x1d8
                0x08000000                        . = ALIGN (0x4)
 *(.isr_vector)
 .isr_vector    0x08000000      0x1d8 CMakeFiles/motor_lib.dir/startup_stm32g431xx.s.obj
                0x08000000                g_pfnVectors
                0x080001d8                        . = ALIGN (0x4)

.text           0x080001d8     0xbd28
                0x080001d8                        . = ALIGN (0x4)
 *(.text)
 .text          0x080001d8       0x40 D:/SoftWare/STM32CubeCLT_1.21.0/GNU-tools-for-STM32/bin/../lib/gcc/arm-none-eabi/14.3.1/thumb/v7e-m+fp/hard/crtbegin.o
 .text          0x08000218      0x254 D:/SoftWare/STM32CubeCLT_1.21.0/GNU-tools-for-STM32/bin/../lib/gcc/arm-none-eabi/14.3.1/thumb/v7e-m+fp/hard\libgcc.a(_arm_muldf3.o)
                0x08000218                __muldf3
                0x08000218                __aeabi_dmul
 .text          0x0800046c      0x378 D:/SoftWare/STM32CubeCLT_1.21.0/GNU-tools-for-STM32/bin/../lib/gcc/arm-none-eabi/14.3.1/thumb/v7e-m+fp/hard\libgcc.a(_arm_addsubdf3.o)
                0x0800046c                __aeabi_drsub
                0x08000474                __aeabi_dsub
                0x08000474                __subdf3
                0x08000478                __aeabi_dadd
                0x08000478                __adddf3
                0x080006f0                __floatunsidf
                0x080006f0                __aeabi_ui2d
                0x08000710                __floatsidf
                0x08000710                __aeabi_i2d
                0x08000734                __aeabi_f2d
                0x08000734                __extendsfdf2
                0x08000778                __floatundidf
                0x08000778                __aeabi_ul2d
                0x08000788                __floatdidf
                0x08000788                __aeabi_l2d
 .text          0x080007e4       0x50 D:/SoftWare/STM32CubeCLT_1.21.0/GNU-tools-for-STM32/bin/../lib/gcc/arm-none-eabi/14.3.1/thumb/v7e-m+fp/hard\libgcc.a(_arm_fixdfsi.o)
                0x080007e4                __aeabi_d2iz
                0x080007e4                __fixdfsi
 .text          0x08000834       0x30 D:/SoftWare/STM32CubeCLT_1.21.0/GNU-tools-for-STM32/bin/../lib/gcc/arm-none-eabi/14.3.1/thumb/v7e-m+fp/hard\libgcc.a(_aeabi_uldivmod.o)
                0x08000834                __aeabi_uldivmod
 .text          0x08000864      0x2f8 D:/SoftWare/STM32CubeCLT_1.21.0/GNU-tools-for-STM32/bin/../lib/gcc/arm-none-eabi/14.3.1/thumb/v7e-m+fp/hard\libgcc.a(_udivmoddi4.o)
                0x08000864                __udivmoddi4
 .text          0x08000b5c        0x4 D:/SoftWare/STM32CubeCLT_1.21.0/GNU-tools-for-STM32/bin/../lib/gcc/arm-none-eabi/14.3.1/thumb/v7e-m+fp/hard\libgcc.a(_dvmd_tls.o)
                0x08000b5c                __aeabi_idiv0
                0x08000b5c                __aeabi_ldiv0
 *(.text*)
 .text.SystemInit
                0x08000b60       0x14 cmake/stm32cubemx/CMakeFiles/STM32_Drivers.dir/__/__/Core/Src/system_stm32g4xx.c.obj
                0x08000b60                SystemInit
 .text.LL_ADC_SetChannelSamplingTime
                0x08000b74       0x20 cmake/stm32cubemx/CMakeFiles/STM32_Drivers.dir/__/__/Drivers/STM32G4xx_HAL_Driver/Src/stm32g4xx_hal_adc.c.obj
 .text.LL_ADC_IsEnabled
                0x08000b94        0x8 cmake/stm32cubemx/CMakeFiles/STM32_Drivers.dir/__/__/Drivers/STM32G4xx_HAL_Driver/Src/stm32g4xx_hal_adc.c.obj
 .text.LL_ADC_REG_IsConversionOngoing
                0x08000b9c        0x8 cmake/stm32cubemx/CMakeFiles/STM32_Drivers.dir/__/__/Drivers/STM32G4xx_HAL_Driver/Src/stm32g4xx_hal_adc.c.obj
 .text.HAL_ADC_Init
                0x08000ba4      0x1e0 cmake/stm32cubemx/CMakeFiles/STM32_Drivers.dir/__/__/Drivers/STM32G4xx_HAL_Driver/Src/stm32g4xx_hal_adc.c.obj
                0x08000ba4                HAL_ADC_Init
 .text.HAL_ADC_ConvCpltCallback
                0x08000d84        0x2 cmake/stm32cubemx/CMakeFiles/STM32_Drivers.dir/__/__/Drivers/STM32G4xx_HAL_Driver/Src/stm32g4xx_hal_adc.c.obj
                0x08000d84                HAL_ADC_ConvCpltCallback
 .text.HAL_ADC_ConvHalfCpltCallback
                0x08000d86        0x2 cmake/stm32cubemx/CMakeFiles/STM32_Drivers.dir/__/__/Drivers/STM32G4xx_HAL_Driver/Src/stm32g4xx_hal_adc.c.obj
                0x08000d86                HAL_ADC_ConvHalfCpltCallback
 .text.ADC_DMAHalfConvCplt
                0x08000d88        0xa cmake/stm32cubemx/CMakeFiles/STM32_Drivers.dir/__/__/Drivers/STM32G4xx_HAL_Driver/Src/stm32g4xx_hal_adc.c.obj
                0x08000d88                ADC_DMAHalfConvCplt
 .text.HAL_ADC_LevelOutOfWindowCallback
                0x08000d92        0x2 cmake/stm32cubemx/CMakeFiles/STM32_Drivers.dir/__/__/Drivers/STM32G4xx_HAL_Driver/Src/stm32g4xx_hal_adc.c.obj
                0x08000d92                HAL_ADC_LevelOutOfWindowCallback
 .text.HAL_ADC_ErrorCallback
                0x08000d94        0x2 cmake/stm32cubemx/CMakeFiles/STM32_Drivers.dir/__/__/Drivers/STM32G4xx_HAL_Driver/Src/stm32g4xx_hal_adc.c.obj
                0x08000d94                HAL_ADC_ErrorCallback
 *fill*         0x08000d96        0x2 
 .text.HAL_ADC_IRQHandler
                0x08000d98      0x23c cmake/stm32cubemx/CMakeFiles/STM32_Drivers.dir/__/__/Drivers/STM32G4xx_HAL_Driver/Src/stm32g4xx_hal_adc.c.obj
                0x08000d98                HAL_ADC_IRQHandler
 .text.ADC_DMAConvCplt
                0x08000fd4       0x68 cmake/stm32cubemx/CMakeFiles/STM32_Drivers.dir/__/__/Drivers/STM32G4xx_HAL_Driver/Src/stm32g4xx_hal_adc.c.obj
                0x08000fd4                ADC_DMAConvCplt
 .text.ADC_DMAError
                0x0800103c       0x1a cmake/stm32cubemx/CMakeFiles/STM32_Drivers.dir/__/__/Drivers/STM32G4xx_HAL_Driver/Src/stm32g4xx_hal_adc.c.obj
                0x0800103c                ADC_DMAError
 *fill*         0x08001056        0x2 
 .text.HAL_ADC_ConfigChannel
                0x08001058      0x398 cmake/stm32cubemx/CMakeFiles/STM32_Drivers.dir/__/__/Drivers/STM32G4xx_HAL_Driver/Src/stm32g4xx_hal_adc.c.obj
                0x08001058                HAL_ADC_ConfigChannel
 .text.ADC_Enable
                0x080013f0       0xb4 cmake/stm32cubemx/CMakeFiles/STM32_Drivers.dir/__/__/Drivers/STM32G4xx_HAL_Driver/Src/stm32g4xx_hal_adc.c.obj
                0x080013f0                ADC_Enable
 .text.HAL_ADC_Start_DMA
                0x080014a4       0xe8 cmake/stm32cubemx/CMakeFiles/STM32_Drivers.dir/__/__/Drivers/STM32G4xx_HAL_Driver/Src/stm32g4xx_hal_adc.c.obj
                0x080014a4                HAL_ADC_Start_DMA
 .text.ADC_Disable
                0x0800158c       0x6a cmake/stm32cubemx/CMakeFiles/STM32_Drivers.dir/__/__/Drivers/STM32G4xx_HAL_Driver/Src/stm32g4xx_hal_adc.c.obj
                0x0800158c                ADC_Disable
 .text.LL_ADC_SetChannelSamplingTime
                0x080015f6       0x20 cmake/stm32cubemx/CMakeFiles/STM32_Drivers.dir/__/__/Drivers/STM32G4xx_HAL_Driver/Src/stm32g4xx_hal_adc_ex.c.obj
 .text.LL_ADC_IsEnabled
                0x08001616        0x8 cmake/stm32cubemx/CMakeFiles/STM32_Drivers.dir/__/__/Drivers/STM32G4xx_HAL_Driver/Src/stm32g4xx_hal_adc_ex.c.obj
 .text.LL_ADC_REG_IsConversionOngoing
                0x0800161e        0x8 cmake/stm32cubemx/CMakeFiles/STM32_Drivers.dir/__/__/Drivers/STM32G4xx_HAL_Driver/Src/stm32g4xx_hal_adc_ex.c.obj
 .text.LL_ADC_INJ_IsConversionOngoing
                0x08001626        0x8 cmake/stm32cubemx/CMakeFiles/STM32_Drivers.dir/__/__/Drivers/STM32G4xx_HAL_Driver/Src/stm32g4xx_hal_adc_ex.c.obj
 *fill*         0x0800162e        0x2 
 .text.HAL_ADCEx_Calibration_Start
                0x08001630       0x98 cmake/stm32cubemx/CMakeFiles/STM32_Drivers.dir/__/__/Drivers/STM32G4xx_HAL_Driver/Src/stm32g4xx_hal_adc_ex.c.obj
                0x08001630                HAL_ADCEx_Calibration_Start
 .text.HAL_ADCEx_InjectedStart
                0x080016c8       0xd4 cmake/stm32cubemx/CMakeFiles/STM32_Drivers.dir/__/__/Drivers/STM32G4xx_HAL_Driver/Src/stm32g4xx_hal_adc_ex.c.obj
                0x080016c8                HAL_ADCEx_InjectedStart
 .text.HAL_ADCEx_InjectedStart_IT
                0x0800179c      0x104 cmake/stm32cubemx/CMakeFiles/STM32_Drivers.dir/__/__/Drivers/STM32G4xx_HAL_Driver/Src/stm32g4xx_hal_adc_ex.c.obj
                0x0800179c                HAL_ADCEx_InjectedStart_IT
 .text.HAL_ADCEx_InjectedGetValue
                0x080018a0       0x32 cmake/stm32cubemx/CMakeFiles/STM32_Drivers.dir/__/__/Drivers/STM32G4xx_HAL_Driver/Src/stm32g4xx_hal_adc_ex.c.obj
                0x080018a0                HAL_ADCEx_InjectedGetValue
 .text.HAL_ADCEx_InjectedQueueOverflowCallback
                0x080018d2        0x2 cmake/stm32cubemx/CMakeFiles/STM32_Drivers.dir/__/__/Drivers/STM32G4xx_HAL_Driver/Src/stm32g4xx_hal_adc_ex.c.obj
                0x080018d2                HAL_ADCEx_InjectedQueueOverflowCallback
 .text.HAL_ADCEx_LevelOutOfWindow2Callback
                0x080018d4        0x2 cmake/stm32cubemx/CMakeFiles/STM32_Drivers.dir/__/__/Drivers/STM32G4xx_HAL_Driver/Src/stm32g4xx_hal_adc_ex.c.obj
                0x080018d4                HAL_ADCEx_LevelOutOfWindow2Callback
 .text.HAL_ADCEx_LevelOutOfWindow3Callback
                0x080018d6        0x2 cmake/stm32cubemx/CMakeFiles/STM32_Drivers.dir/__/__/Drivers/STM32G4xx_HAL_Driver/Src/stm32g4xx_hal_adc_ex.c.obj
                0x080018d6                HAL_ADCEx_LevelOutOfWindow3Callback
 .text.HAL_ADCEx_EndOfSamplingCallback
                0x080018d8        0x2 cmake/stm32cubemx/CMakeFiles/STM32_Drivers.dir/__/__/Drivers/STM32G4xx_HAL_Driver/Src/stm32g4xx_hal_adc_ex.c.obj
                0x080018d8                HAL_ADCEx_EndOfSamplingCallback
 *fill*         0x080018da        0x2 
 .text.HAL_ADCEx_InjectedConfigChannel
                0x080018dc      0x470 cmake/stm32cubemx/CMakeFiles/STM32_Drivers.dir/__/__/Drivers/STM32G4xx_HAL_Driver/Src/stm32g4xx_hal_adc_ex.c.obj
                0x080018dc                HAL_ADCEx_InjectedConfigChannel
 .text.HAL_ADCEx_MultiModeConfigChannel
                0x08001d4c       0xd0 cmake/stm32cubemx/CMakeFiles/STM32_Drivers.dir/__/__/Drivers/STM32G4xx_HAL_Driver/Src/stm32g4xx_hal_adc_ex.c.obj
                0x08001d4c                HAL_ADCEx_MultiModeConfigChannel
 .text.HAL_InitTick
                0x08001e1c       0x4c cmake/stm32cubemx/CMakeFiles/STM32_Drivers.dir/__/__/Drivers/STM32G4xx_HAL_Driver/Src/stm32g4xx_hal.c.obj
                0x08001e1c                HAL_InitTick
 .text.HAL_Init
                0x08001e68       0x1e cmake/stm32cubemx/CMakeFiles/STM32_Drivers.dir/__/__/Drivers/STM32G4xx_HAL_Driver/Src/stm32g4xx_hal.c.obj
                0x08001e68                HAL_Init
 *fill*         0x08001e86        0x2 
 .text.HAL_IncTick
                0x08001e88       0x18 cmake/stm32cubemx/CMakeFiles/STM32_Drivers.dir/__/__/Drivers/STM32G4xx_HAL_Driver/Src/stm32g4xx_hal.c.obj
                0x08001e88                HAL_IncTick
 .text.HAL_GetTick
                0x08001ea0        0xc cmake/stm32cubemx/CMakeFiles/STM32_Drivers.dir/__/__/Drivers/STM32G4xx_HAL_Driver/Src/stm32g4xx_hal.c.obj
                0x08001ea0                HAL_GetTick
 .text.HAL_Delay
                0x08001eac       0x28 cmake/stm32cubemx/CMakeFiles/STM32_Drivers.dir/__/__/Drivers/STM32G4xx_HAL_Driver/Src/stm32g4xx_hal.c.obj
                0x08001eac                HAL_Delay
 .text.HAL_RCC_OscConfig
                0x08001ed4      0x418 cmake/stm32cubemx/CMakeFiles/STM32_Drivers.dir/__/__/Drivers/STM32G4xx_HAL_Driver/Src/stm32g4xx_hal_rcc.c.obj
                0x08001ed4                HAL_RCC_OscConfig
 .text.HAL_RCC_GetSysClockFreq
                0x080022ec       0x6c cmake/stm32cubemx/CMakeFiles/STM32_Drivers.dir/__/__/Drivers/STM32G4xx_HAL_Driver/Src/stm32g4xx_hal_rcc.c.obj
                0x080022ec                HAL_RCC_GetSysClockFreq
 .text.HAL_RCC_ClockConfig
                0x08002358      0x1e8 cmake/stm32cubemx/CMakeFiles/STM32_Drivers.dir/__/__/Drivers/STM32G4xx_HAL_Driver/Src/stm32g4xx_hal_rcc.c.obj
                0x08002358                HAL_RCC_ClockConfig
 .text.HAL_RCC_GetPCLK1Freq
                0x08002540       0x24 cmake/stm32cubemx/CMakeFiles/STM32_Drivers.dir/__/__/Drivers/STM32G4xx_HAL_Driver/Src/stm32g4xx_hal_rcc.c.obj
                0x08002540                HAL_RCC_GetPCLK1Freq
 .text.HAL_RCC_GetPCLK2Freq
                0x08002564       0x24 cmake/stm32cubemx/CMakeFiles/STM32_Drivers.dir/__/__/Drivers/STM32G4xx_HAL_Driver/Src/stm32g4xx_hal_rcc.c.obj
                0x08002564                HAL_RCC_GetPCLK2Freq
 .text.HAL_RCCEx_PeriphCLKConfig
                0x08002588      0x278 cmake/stm32cubemx/CMakeFiles/STM32_Drivers.dir/__/__/Drivers/STM32G4xx_HAL_Driver/Src/stm32g4xx_hal_rcc_ex.c.obj
                0x08002588                HAL_RCCEx_PeriphCLKConfig
 .text.HAL_GPIO_Init
                0x08002800      0x19c cmake/stm32cubemx/CMakeFiles/STM32_Drivers.dir/__/__/Drivers/STM32G4xx_HAL_Driver/Src/stm32g4xx_hal_gpio.c.obj
                0x08002800                HAL_GPIO_Init
 .text.HAL_GPIO_WritePin
                0x0800299c        0xa cmake/stm32cubemx/CMakeFiles/STM32_Drivers.dir/__/__/Drivers/STM32G4xx_HAL_Driver/Src/stm32g4xx_hal_gpio.c.obj
                0x0800299c                HAL_GPIO_WritePin
 .text.HAL_GPIO_TogglePin
                0x080029a6       0x12 cmake/stm32cubemx/CMakeFiles/STM32_Drivers.dir/__/__/Drivers/STM32G4xx_HAL_Driver/Src/stm32g4xx_hal_gpio.c.obj
                0x080029a6                HAL_GPIO_TogglePin
 .text.DMA_SetConfig
                0x080029b8       0x34 cmake/stm32cubemx/CMakeFiles/STM32_Drivers.dir/__/__/Drivers/STM32G4xx_HAL_Driver/Src/stm32g4xx_hal_dma.c.obj
 .text.DMA_CalcDMAMUXChannelBaseAndMask
                0x080029ec       0x48 cmake/stm32cubemx/CMakeFiles/STM32_Drivers.dir/__/__/Drivers/STM32G4xx_HAL_Driver/Src/stm32g4xx_hal_dma.c.obj
 .text.HAL_DMA_Init
                0x08002a34       0xdc cmake/stm32cubemx/CMakeFiles/STM32_Drivers.dir/__/__/Drivers/STM32G4xx_HAL_Driver/Src/stm32g4xx_hal_dma.c.obj
                0x08002a34                HAL_DMA_Init
 .text.HAL_DMA_Start_IT
                0x08002b10       0x80 cmake/stm32cubemx/CMakeFiles/STM32_Drivers.dir/__/__/Drivers/STM32G4xx_HAL_Driver/Src/stm32g4xx_hal_dma.c.obj
                0x08002b10                HAL_DMA_Start_IT
 .text.HAL_DMA_Abort
                0x08002b90       0x6c cmake/stm32cubemx/CMakeFiles/STM32_Drivers.dir/__/__/Drivers/STM32G4xx_HAL_Driver/Src/stm32g4xx_hal_dma.c.obj
                0x08002b90                HAL_DMA_Abort
 .text.HAL_DMA_Abort_IT
                0x08002bfc       0x76 cmake/stm32cubemx/CMakeFiles/STM32_Drivers.dir/__/__/Drivers/STM32G4xx_HAL_Driver/Src/stm32g4xx_hal_dma.c.obj
                0x08002bfc                HAL_DMA_Abort_IT
 .text.HAL_DMA_IRQHandler
                0x08002c72       0x94 cmake/stm32cubemx/CMakeFiles/STM32_Drivers.dir/__/__/Drivers/STM32G4xx_HAL_Driver/Src/stm32g4xx_hal_dma.c.obj
                0x08002c72                HAL_DMA_IRQHandler
 *fill*         0x08002d06        0x2 
 .text.HAL_PWREx_ControlVoltageScaling
                0x08002d08       0xb0 cmake/stm32cubemx/CMakeFiles/STM32_Drivers.dir/__/__/Drivers/STM32G4xx_HAL_Driver/Src/stm32g4xx_hal_pwr_ex.c.obj
                0x08002d08                HAL_PWREx_ControlVoltageScaling
 .text.HAL_PWREx_DisableUCPDDeadBattery
                0x08002db8       0x10 cmake/stm32cubemx/CMakeFiles/STM32_Drivers.dir/__/__/Drivers/STM32G4xx_HAL_Driver/Src/stm32g4xx_hal_pwr_ex.c.obj
                0x08002db8                HAL_PWREx_DisableUCPDDeadBattery
 .text.HAL_NVIC_SetPriorityGrouping
                0x08002dc8       0x24 cmake/stm32cubemx/CMakeFiles/STM32_Drivers.dir/__/__/Drivers/STM32G4xx_HAL_Driver/Src/stm32g4xx_hal_cortex.c.obj
                0x08002dc8                HAL_NVIC_SetPriorityGrouping
 .text.HAL_NVIC_SetPriority
                0x08002dec       0x64 cmake/stm32cubemx/CMakeFiles/STM32_Drivers.dir/__/__/Drivers/STM32G4xx_HAL_Driver/Src/stm32g4xx_hal_cortex.c.obj
                0x08002dec                HAL_NVIC_SetPriority
 .text.HAL_NVIC_EnableIRQ
                0x08002e50       0x1c cmake/stm32cubemx/CMakeFiles/STM32_Drivers.dir/__/__/Drivers/STM32G4xx_HAL_Driver/Src/stm32g4xx_hal_cortex.c.obj
                0x08002e50                HAL_NVIC_EnableIRQ
 .text.HAL_SYSTICK_Config
                0x08002e6c       0x28 cmake/stm32cubemx/CMakeFiles/STM32_Drivers.dir/__/__/Drivers/STM32G4xx_HAL_Driver/Src/stm32g4xx_hal_cortex.c.obj
                0x08002e6c                HAL_SYSTICK_Config
 .text.HAL_CORDIC_Init
                0x08002e94       0x32 cmake/stm32cubemx/CMakeFiles/STM32_Drivers.dir/__/__/Drivers/STM32G4xx_HAL_Driver/Src/stm32g4xx_hal_cordic.c.obj
                0x08002e94                HAL_CORDIC_Init
 *fill*         0x08002ec6        0x2 
 .text.TIM_OC1_SetConfig
                0x08002ec8       0x78 cmake/stm32cubemx/CMakeFiles/STM32_Drivers.dir/__/__/Drivers/STM32G4xx_HAL_Driver/Src/stm32g4xx_hal_tim.c.obj
 .text.TIM_OC3_SetConfig
                0x08002f40       0x84 cmake/stm32cubemx/CMakeFiles/STM32_Drivers.dir/__/__/Drivers/STM32G4xx_HAL_Driver/Src/stm32g4xx_hal_tim.c.obj
 .text.TIM_OC4_SetConfig
                0x08002fc4       0x84 cmake/stm32cubemx/CMakeFiles/STM32_Drivers.dir/__/__/Drivers/STM32G4xx_HAL_Driver/Src/stm32g4xx_hal_tim.c.obj
 .text.TIM_OC5_SetConfig
                0x08003048       0x68 cmake/stm32cubemx/CMakeFiles/STM32_Drivers.dir/__/__/Drivers/STM32G4xx_HAL_Driver/Src/stm32g4xx_hal_tim.c.obj
 .text.TIM_OC6_SetConfig
                0x080030b0       0x68 cmake/stm32cubemx/CMakeFiles/STM32_Drivers.dir/__/__/Drivers/STM32G4xx_HAL_Driver/Src/stm32g4xx_hal_tim.c.obj
 .text.TIM_Base_SetConfig
                0x08003118       0xa0 cmake/stm32cubemx/CMakeFiles/STM32_Drivers.dir/__/__/Drivers/STM32G4xx_HAL_Driver/Src/stm32g4xx_hal_tim.c.obj
                0x08003118                TIM_Base_SetConfig
 .text.HAL_TIM_PWM_Init
                0x080031b8       0x60 cmake/stm32cubemx/CMakeFiles/STM32_Drivers.dir/__/__/Drivers/STM32G4xx_HAL_Driver/Src/stm32g4xx_hal_tim.c.obj
                0x080031b8                HAL_TIM_PWM_Init
 .text.TIM_OC2_SetConfig
                0x08003218       0x84 cmake/stm32cubemx/CMakeFiles/STM32_Drivers.dir/__/__/Drivers/STM32G4xx_HAL_Driver/Src/stm32g4xx_hal_tim.c.obj
                0x08003218                TIM_OC2_SetConfig
 .text.HAL_TIM_PWM_ConfigChannel
                0x0800329c       0xf8 cmake/stm32cubemx/CMakeFiles/STM32_Drivers.dir/__/__/Drivers/STM32G4xx_HAL_Driver/Src/stm32g4xx_hal_tim.c.obj
                0x0800329c                HAL_TIM_PWM_ConfigChannel
 .text.TIM_CCxChannelCmd
                0x08003394       0x1c cmake/stm32cubemx/CMakeFiles/STM32_Drivers.dir/__/__/Drivers/STM32G4xx_HAL_Driver/Src/stm32g4xx_hal_tim.c.obj
                0x08003394                TIM_CCxChannelCmd
 .text.HAL_TIM_OC_Start
                0x080033b0      0x10c cmake/stm32cubemx/CMakeFiles/STM32_Drivers.dir/__/__/Drivers/STM32G4xx_HAL_Driver/Src/stm32g4xx_hal_tim.c.obj
                0x080033b0                HAL_TIM_OC_Start
 .text.HAL_TIM_PWM_Start
                0x080034bc        0x4 cmake/stm32cubemx/CMakeFiles/STM32_Drivers.dir/__/__/Drivers/STM32G4xx_HAL_Driver/Src/stm32g4xx_hal_tim.c.obj
                0x080034bc                HAL_TIM_PWM_Start
 .text.HAL_TIMEx_MasterConfigSynchronization
                0x080034c0       0x88 cmake/stm32cubemx/CMakeFiles/STM32_Drivers.dir/__/__/Drivers/STM32G4xx_HAL_Driver/Src/stm32g4xx_hal_tim_ex.c.obj
                0x080034c0                HAL_TIMEx_MasterConfigSynchronization
 .text.HAL_TIMEx_ConfigBreakDeadTime
                0x08003548       0x94 cmake/stm32cubemx/CMakeFiles/STM32_Drivers.dir/__/__/Drivers/STM32G4xx_HAL_Driver/Src/stm32g4xx_hal_tim_ex.c.obj
                0x08003548                HAL_TIMEx_ConfigBreakDeadTime
 .text.UART_EndTxTransfer
                0x080035dc       0x34 cmake/stm32cubemx/CMakeFiles/STM32_Drivers.dir/__/__/Drivers/STM32G4xx_HAL_Driver/Src/stm32g4xx_hal_uart.c.obj
 .text.UART_EndRxTransfer
                0x08003610       0x58 cmake/stm32cubemx/CMakeFiles/STM32_Drivers.dir/__/__/Drivers/STM32G4xx_HAL_Driver/Src/stm32g4xx_hal_uart.c.obj
 .text.HAL_UART_Transmit_DMA
                0x08003668       0x84 cmake/stm32cubemx/CMakeFiles/STM32_Drivers.dir/__/__/Drivers/STM32G4xx_HAL_Driver/Src/stm32g4xx_hal_uart.c.obj
                0x08003668                HAL_UART_Transmit_DMA
 .text.HAL_UART_TxCpltCallback
                0x080036ec        0x2 cmake/stm32cubemx/CMakeFiles/STM32_Drivers.dir/__/__/Drivers/STM32G4xx_HAL_Driver/Src/stm32g4xx_hal_uart.c.obj
                0x080036ec                HAL_UART_TxCpltCallback
 .text.UART_DMATransmitCplt
                0x080036ee       0x46 cmake/stm32cubemx/CMakeFiles/STM32_Drivers.dir/__/__/Drivers/STM32G4xx_HAL_Driver/Src/stm32g4xx_hal_uart.c.obj
 .text.HAL_UART_TxHalfCpltCallback
                0x08003734        0x2 cmake/stm32cubemx/CMakeFiles/STM32_Drivers.dir/__/__/Drivers/STM32G4xx_HAL_Driver/Src/stm32g4xx_hal_uart.c.obj
                0x08003734                HAL_UART_TxHalfCpltCallback
 .text.UART_DMATxHalfCplt
                0x08003736        0xa cmake/stm32cubemx/CMakeFiles/STM32_Drivers.dir/__/__/Drivers/STM32G4xx_HAL_Driver/Src/stm32g4xx_hal_uart.c.obj
 .text.HAL_UART_ErrorCallback
                0x08003740        0x2 cmake/stm32cubemx/CMakeFiles/STM32_Drivers.dir/__/__/Drivers/STM32G4xx_HAL_Driver/Src/stm32g4xx_hal_uart.c.obj
                0x08003740                HAL_UART_ErrorCallback
 .text.UART_DMAError
                0x08003742       0x3c cmake/stm32cubemx/CMakeFiles/STM32_Drivers.dir/__/__/Drivers/STM32G4xx_HAL_Driver/Src/stm32g4xx_hal_uart.c.obj
 .text.UART_DMAAbortOnError
                0x0800377e        0xa cmake/stm32cubemx/CMakeFiles/STM32_Drivers.dir/__/__/Drivers/STM32G4xx_HAL_Driver/Src/stm32g4xx_hal_uart.c.obj
 .text.HAL_UARTEx_RxEventCallback
                0x08003788        0x2 cmake/stm32cubemx/CMakeFiles/STM32_Drivers.dir/__/__/Drivers/STM32G4xx_HAL_Driver/Src/stm32g4xx_hal_uart.c.obj
                0x08003788                HAL_UARTEx_RxEventCallback
 *fill*         0x0800378a        0x2 
 .text.HAL_UART_IRQHandler
                0x0800378c      0x304 cmake/stm32cubemx/CMakeFiles/STM32_Drivers.dir/__/__/Drivers/STM32G4xx_HAL_Driver/Src/stm32g4xx_hal_uart.c.obj
                0x0800378c                HAL_UART_IRQHandler
 .text.UART_SetConfig
                0x08003a90      0x22c cmake/stm32cubemx/CMakeFiles/STM32_Drivers.dir/__/__/Drivers/STM32G4xx_HAL_Driver/Src/stm32g4xx_hal_uart.c.obj
                0x08003a90                UART_SetConfig
 .text.UART_AdvFeatureConfig
                0x08003cbc       0xa8 cmake/stm32cubemx/CMakeFiles/STM32_Drivers.dir/__/__/Drivers/STM32G4xx_HAL_Driver/Src/stm32g4xx_hal_uart.c.obj
                0x08003cbc                UART_AdvFeatureConfig
 .text.UART_WaitOnFlagUntilTimeout
                0x08003d64       0x90 cmake/stm32cubemx/CMakeFiles/STM32_Drivers.dir/__/__/Drivers/STM32G4xx_HAL_Driver/Src/stm32g4xx_hal_uart.c.obj
                0x08003d64                UART_WaitOnFlagUntilTimeout
 .text.UART_CheckIdleState
                0x08003df4       0xb6 cmake/stm32cubemx/CMakeFiles/STM32_Drivers.dir/__/__/Drivers/STM32G4xx_HAL_Driver/Src/stm32g4xx_hal_uart.c.obj
                0x08003df4                UART_CheckIdleState
 .text.HAL_UART_Init
                0x08003eaa       0x60 cmake/stm32cubemx/CMakeFiles/STM32_Drivers.dir/__/__/Drivers/STM32G4xx_HAL_Driver/Src/stm32g4xx_hal_uart.c.obj
                0x08003eaa                HAL_UART_Init
 *fill*         0x08003f0a        0x2 
 .text.UARTEx_SetNbDataToProcess
                0x08003f0c       0x44 cmake/stm32cubemx/CMakeFiles/STM32_Drivers.dir/__/__/Drivers/STM32G4xx_HAL_Driver/Src/stm32g4xx_hal_uart_ex.c.obj
 .text.HAL_UARTEx_WakeupCallback
                0x08003f50        0x2 cmake/stm32cubemx/CMakeFiles/STM32_Drivers.dir/__/__/Drivers/STM32G4xx_HAL_Driver/Src/stm32g4xx_hal_uart_ex.c.obj
                0x08003f50                HAL_UARTEx_WakeupCallback
 .text.HAL_UARTEx_RxFifoFullCallback
                0x08003f52        0x2 cmake/stm32cubemx/CMakeFiles/STM32_Drivers.dir/__/__/Drivers/STM32G4xx_HAL_Driver/Src/stm32g4xx_hal_uart_ex.c.obj
                0x08003f52                HAL_UARTEx_RxFifoFullCallback
 .text.HAL_UARTEx_TxFifoEmptyCallback
                0x08003f54        0x2 cmake/stm32cubemx/CMakeFiles/STM32_Drivers.dir/__/__/Drivers/STM32G4xx_HAL_Driver/Src/stm32g4xx_hal_uart_ex.c.obj
                0x08003f54                HAL_UARTEx_TxFifoEmptyCallback
 .text.HAL_UARTEx_DisableFifoMode
                0x08003f56       0x36 cmake/stm32cubemx/CMakeFiles/STM32_Drivers.dir/__/__/Drivers/STM32G4xx_HAL_Driver/Src/stm32g4xx_hal_uart_ex.c.obj
                0x08003f56                HAL_UARTEx_DisableFifoMode
 .text.HAL_UARTEx_SetTxFifoThreshold
                0x08003f8c       0x40 cmake/stm32cubemx/CMakeFiles/STM32_Drivers.dir/__/__/Drivers/STM32G4xx_HAL_Driver/Src/stm32g4xx_hal_uart_ex.c.obj
                0x08003f8c                HAL_UARTEx_SetTxFifoThreshold
 .text.HAL_UARTEx_SetRxFifoThreshold
                0x08003fcc       0x40 cmake/stm32cubemx/CMakeFiles/STM32_Drivers.dir/__/__/Drivers/STM32G4xx_HAL_Driver/Src/stm32g4xx_hal_uart_ex.c.obj
                0x08003fcc                HAL_UARTEx_SetRxFifoThreshold
 .text.SystemClock_Config
                0x0800400c       0x6a CMakeFiles/motor_lib.dir/Core/Src/main.c.obj
                0x0800400c                SystemClock_Config
 *fill*         0x08004076        0x2 
 .text.startup.main
                0x08004078      0x3e8 CMakeFiles/motor_lib.dir/Core/Src/main.c.obj
                0x08004078                main
 .text.Error_Handler
                0x08004460        0x4 CMakeFiles/motor_lib.dir/Core/Src/main.c.obj
                0x08004460                Error_Handler
 .text.NMI_Handler
                0x08004464        0x2 CMakeFiles/motor_lib.dir/Core/Src/stm32g4xx_it.c.obj
                0x08004464                NMI_Handler
 *fill*         0x08004466        0x2 
 .text.HardFault_Handler
                0x08004468       0x18 CMakeFiles/motor_lib.dir/Core/Src/stm32g4xx_it.c.obj
                0x08004468                HardFault_Handler
 .text.MemManage_Handler
                0x08004480        0x2 CMakeFiles/motor_lib.dir/Core/Src/stm32g4xx_it.c.obj
                0x08004480                MemManage_Handler
 .text.BusFault_Handler
                0x08004482        0x2 CMakeFiles/motor_lib.dir/Core/Src/stm32g4xx_it.c.obj
                0x08004482                BusFault_Handler
 .text.UsageFault_Handler
                0x08004484        0x2 CMakeFiles/motor_lib.dir/Core/Src/stm32g4xx_it.c.obj
                0x08004484                UsageFault_Handler
 .text.SVC_Handler
                0x08004486        0x2 CMakeFiles/motor_lib.dir/Core/Src/stm32g4xx_it.c.obj
                0x08004486                SVC_Handler
 .text.DebugMon_Handler
                0x08004488        0x2 CMakeFiles/motor_lib.dir/Core/Src/stm32g4xx_it.c.obj
                0x08004488                DebugMon_Handler
 .text.PendSV_Handler
                0x0800448a        0x2 CMakeFiles/motor_lib.dir/Core/Src/stm32g4xx_it.c.obj
                0x0800448a                PendSV_Handler
 .text.SysTick_Handler
                0x0800448c        0x4 CMakeFiles/motor_lib.dir/Core/Src/stm32g4xx_it.c.obj
                0x0800448c                SysTick_Handler
 .text.DMA1_Channel1_IRQHandler
                0x08004490        0xc CMakeFiles/motor_lib.dir/Core/Src/stm32g4xx_it.c.obj
                0x08004490                DMA1_Channel1_IRQHandler
 .text.DMA1_Channel2_IRQHandler
                0x0800449c        0xc CMakeFiles/motor_lib.dir/Core/Src/stm32g4xx_it.c.obj
                0x0800449c                DMA1_Channel2_IRQHandler
 .text.DMA1_Channel3_IRQHandler
                0x080044a8        0xc CMakeFiles/motor_lib.dir/Core/Src/stm32g4xx_it.c.obj
                0x080044a8                DMA1_Channel3_IRQHandler
 .text.ADC1_2_IRQHandler
                0x080044b4       0x1c CMakeFiles/motor_lib.dir/Core/Src/stm32g4xx_it.c.obj
                0x080044b4                ADC1_2_IRQHandler
 .text.USART3_IRQHandler
                0x080044d0        0xc CMakeFiles/motor_lib.dir/Core/Src/stm32g4xx_it.c.obj
                0x080044d0                USART3_IRQHandler
 .text.HAL_MspInit
                0x080044dc       0x34 CMakeFiles/motor_lib.dir/Core/Src/stm32g4xx_hal_msp.c.obj
                0x080044dc                HAL_MspInit
 .text.HAL_ADC_MspInit
                0x08004510      0x1bc CMakeFiles/motor_lib.dir/Core/Src/stm32g4xx_hal_msp.c.obj
                0x08004510                HAL_ADC_MspInit
 .text.HAL_CORDIC_MspInit
                0x080046cc       0x2c CMakeFiles/motor_lib.dir/Core/Src/stm32g4xx_hal_msp.c.obj
                0x080046cc                HAL_CORDIC_MspInit
 .text.HAL_TIM_PWM_MspInit
                0x080046f8       0x28 CMakeFiles/motor_lib.dir/Core/Src/stm32g4xx_hal_msp.c.obj
                0x080046f8                HAL_TIM_PWM_MspInit
 .text.HAL_TIM_MspPostInit
                0x08004720       0x94 CMakeFiles/motor_lib.dir/Core/Src/stm32g4xx_hal_msp.c.obj
                0x08004720                HAL_TIM_MspPostInit
 .text.HAL_UART_MspInit
                0x080047b4       0xc8 CMakeFiles/motor_lib.dir/Core/Src/stm32g4xx_hal_msp.c.obj
                0x080047b4                HAL_UART_MspInit
 .text.Reset_Handler
                0x0800487c       0x50 CMakeFiles/motor_lib.dir/startup_stm32g431xx.s.obj
                0x0800487c                Reset_Handler
 .text.Default_Handler
                0x080048cc        0x2 CMakeFiles/motor_lib.dir/startup_stm32g431xx.s.obj
                0x080048cc                RTC_Alarm_IRQHandler
                0x080048cc                EXTI2_IRQHandler
                0x080048cc                TIM8_TRG_COM_IRQHandler
                0x080048cc                TIM8_CC_IRQHandler
                0x080048cc                TIM1_CC_IRQHandler
                0x080048cc                USB_HP_IRQHandler
                0x080048cc                CORDIC_IRQHandler
                0x080048cc                EXTI3_IRQHandler
                0x080048cc                I2C3_ER_IRQHandler
                0x080048cc                EXTI0_IRQHandler
                0x080048cc                I2C2_EV_IRQHandler
                0x080048cc                FPU_IRQHandler
                0x080048cc                FDCAN1_IT1_IRQHandler
                0x080048cc                TIM1_UP_TIM16_IRQHandler
                0x080048cc                SPI1_IRQHandler
                0x080048cc                TIM6_DAC_IRQHandler
                0x080048cc                TIM8_UP_IRQHandler
                0x080048cc                DMA2_Channel2_IRQHandler
                0x080048cc                DMA1_Channel4_IRQHandler
                0x080048cc                TIM4_IRQHandler
                0x080048cc                DMA2_Channel1_IRQHandler
                0x080048cc                I2C1_EV_IRQHandler
                0x080048cc                DMA1_Channel6_IRQHandler
                0x080048cc                UART4_IRQHandler
                0x080048cc                DMA2_Channel4_IRQHandler
                0x080048cc                TIM3_IRQHandler
                0x080048cc                RCC_IRQHandler
                0x080048cc                Default_Handler
                0x080048cc                RTC_TAMP_LSECSS_IRQHandler
                0x080048cc                FMAC_IRQHandler
                0x080048cc                EXTI15_10_IRQHandler
                0x080048cc                TIM7_IRQHandler
                0x080048cc                UCPD1_IRQHandler
                0x080048cc                I2C3_EV_IRQHandler
                0x080048cc                EXTI9_5_IRQHandler
                0x080048cc                RTC_WKUP_IRQHandler
                0x080048cc                PVD_PVM_IRQHandler
                0x080048cc                SPI2_IRQHandler
                0x080048cc                DMA2_Channel5_IRQHandler
                0x080048cc                CRS_IRQHandler
                0x080048cc                DMA1_Channel5_IRQHandler
                0x080048cc                USB_LP_IRQHandler
                0x080048cc                EXTI4_IRQHandler
                0x080048cc                RNG_IRQHandler
                0x080048cc                TIM1_TRG_COM_TIM17_IRQHandler
                0x080048cc                WWDG_IRQHandler
                0x080048cc                LPUART1_IRQHandler
                0x080048cc                DMA2_Channel6_IRQHandler
                0x080048cc                FDCAN1_IT0_IRQHandler
                0x080048cc                TIM2_IRQHandler
                0x080048cc                COMP1_2_3_IRQHandler
                0x080048cc                EXTI1_IRQHandler
                0x080048cc                USART2_IRQHandler
                0x080048cc                I2C2_ER_IRQHandler
                0x080048cc                TIM8_BRK_IRQHandler
                0x080048cc                FLASH_IRQHandler
                0x080048cc                USART1_IRQHandler
                0x080048cc                SPI3_IRQHandler
                0x080048cc                I2C1_ER_IRQHandler
                0x080048cc                LPTIM1_IRQHandler
                0x080048cc                DMAMUX_OVR_IRQHandler
                0x080048cc                USBWakeUp_IRQHandler
                0x080048cc                SAI1_IRQHandler
                0x080048cc                DMA2_Channel3_IRQHandler
                0x080048cc                COMP4_IRQHandler
                0x080048cc                TIM1_BRK_TIM15_IRQHandler
 *fill*         0x080048ce        0x2 
 .text.BSP_VOFA_Transmit
                0x080048d0       0x1c CMakeFiles/motor_lib.dir/BSP/Communication/VOFA/BSP_VOFA.cpp.obj
                0x080048d0                BSP_VOFA_Transmit
 .text.__enable_irq
                0x080048ec        0x4 CMakeFiles/motor_lib.dir/BSP/Motor/BSP_Motor.cpp.obj
 .text.__disable_irq
                0x080048f0        0x4 CMakeFiles/motor_lib.dir/BSP/Motor/BSP_Motor.cpp.obj
 .text._ZL15BSP_SetPWM_Implfff
                0x080048f4       0xa4 CMakeFiles/motor_lib.dir/BSP/Motor/BSP_Motor.cpp.obj
 .text._ZL33BSP_PWM_DisablePowerChannels_Implv
                0x08004998       0x18 CMakeFiles/motor_lib.dir/BSP/Motor/BSP_Motor.cpp.obj
 .text._ZL20BSP_PWM_Disable_Implv
                0x080049b0        0x4 CMakeFiles/motor_lib.dir/BSP/Motor/BSP_Motor.cpp.obj
 .text._ZL21BSP_PWM_BrakeLow_Implv
                0x080049b4       0x2c CMakeFiles/motor_lib.dir/BSP/Motor/BSP_Motor.cpp.obj
 .text._ZL21BSP_ReadVbus_Raw_Implv
                0x080049e0        0xc CMakeFiles/motor_lib.dir/BSP/Motor/BSP_Motor.cpp.obj
 .text._ZL21BSP_ReadTemp_Raw_Implh
                0x080049ec       0x14 CMakeFiles/motor_lib.dir/BSP/Motor/BSP_Motor.cpp.obj
 .text._ZL24BSP_ReadCurrent_Raw_ImplPtS_S_S_
                0x08004a00       0x30 CMakeFiles/motor_lib.dir/BSP/Motor/BSP_Motor.cpp.obj
 .text._ZL18BSP_PWM_Coast_Implv
                0x08004a30        0x4 CMakeFiles/motor_lib.dir/BSP/Motor/BSP_Motor.cpp.obj
 .text._ZL19BSP_PWM_Enable_Implv
                0x08004a34       0x20 CMakeFiles/motor_lib.dir/BSP/Motor/BSP_Motor.cpp.obj
 .text.BSP_Get_HAL_Impl
                0x08004a54        0x8 CMakeFiles/motor_lib.dir/BSP/Motor/BSP_Motor.cpp.obj
                0x08004a54                BSP_Get_HAL_Impl
 .text.BSP_Motor_SetControlFrequencyHz
                0x08004a5c        0x2 CMakeFiles/motor_lib.dir/BSP/Motor/BSP_Motor.cpp.obj
                0x08004a5c                BSP_Motor_SetControlFrequencyHz
 *fill*         0x08004a5e        0x2 
 .text.BSP_Motor_Hardware_Start
                0x08004a60       0xd8 CMakeFiles/motor_lib.dir/BSP/Motor/BSP_Motor.cpp.obj
                0x08004a60                BSP_Motor_Hardware_Start
 .text.HAL_ADCEx_InjectedConvCpltCallback
                0x08004b38       0x68 CMakeFiles/motor_lib.dir/BSP/Motor/BSP_Motor.cpp.obj
                0x08004b38                HAL_ADCEx_InjectedConvCpltCallback
 .text.BSP_Motor_TakeTelemetryPending
                0x08004ba0       0x18 CMakeFiles/motor_lib.dir/BSP/Motor/BSP_Motor.cpp.obj
                0x08004ba0                BSP_Motor_TakeTelemetryPending
 .text._ZN8Lib_VOFA11VOFA_BufferC2Ev
                0x08004bb8       0x26 CMakeFiles/motor_lib.dir/Lib/Communication/VOFA/Core/VOFA_Buffer.cpp.obj
                0x08004bb8                Lib_VOFA::VOFA_Buffer::VOFA_Buffer()
                0x08004bb8                Lib_VOFA::VOFA_Buffer::VOFA_Buffer()
 *fill*         0x08004bde        0x2 
 .text._ZN8Lib_VOFA11VOFA_Buffer10writeFrameEPKfh
                0x08004be0       0x4c CMakeFiles/motor_lib.dir/Lib/Communication/VOFA/Core/VOFA_Buffer.cpp.obj
                0x08004be0                Lib_VOFA::VOFA_Buffer::writeFrame(float const*, unsigned char)
 .text._ZN8Lib_VOFA11VOFA_Buffer14getReadyBufferEv
                0x08004c2c       0x1a CMakeFiles/motor_lib.dir/Lib/Communication/VOFA/Core/VOFA_Buffer.cpp.obj
                0x08004c2c                Lib_VOFA::VOFA_Buffer::getReadyBuffer()
 .text._ZNK8Lib_VOFA11VOFA_Buffer12getFrameSizeEh
                0x08004c46        0x6 CMakeFiles/motor_lib.dir/Lib/Communication/VOFA/Core/VOFA_Buffer.cpp.obj
                0x08004c46                Lib_VOFA::VOFA_Buffer::getFrameSize(unsigned char) const
 .text._ZN8Lib_VOFA9VOFA_InitENS_13VOFA_ProtocolE
                0x08004c4c       0x24 CMakeFiles/motor_lib.dir/Lib/Communication/VOFA/Core/VOFA_Sender.cpp.obj
                0x08004c4c                Lib_VOFA::VOFA_Init(Lib_VOFA::VOFA_Protocol)
 .text._ZN8Lib_VOFA14VOFA_SendFloatEPKfh
                0x08004c70       0x48 CMakeFiles/motor_lib.dir/Lib/Communication/VOFA/Core/VOFA_Sender.cpp.obj
                0x08004c70                Lib_VOFA::VOFA_SendFloat(float const*, unsigned char)
 .text.startup._GLOBAL__sub_I__ZN8Lib_VOFA21VOFA_HardwareTransmitE
                0x08004cb8        0xc CMakeFiles/motor_lib.dir/Lib/Communication/VOFA/Core/VOFA_Sender.cpp.obj
 .text._ZN9Lib_Motor8MotorAPIC2Ev
                0x08004cc4       0x20 CMakeFiles/motor_lib.dir/Lib/Motor/Core/API/Motor_API.cpp.obj
                0x08004cc4                Lib_Motor::MotorAPI::MotorAPI()
                0x08004cc4                Lib_Motor::MotorAPI::MotorAPI()
 .text._ZN9Lib_Motor8MotorAPI4initERKNS_11MotorConfigE
                0x08004ce4       0xbc CMakeFiles/motor_lib.dir/Lib/Motor/Core/API/Motor_API.cpp.obj
                0x08004ce4                Lib_Motor::MotorAPI::init(Lib_Motor::MotorConfig const&)
 .text._ZN9Lib_Motor8MotorAPI6deInitEv
                0x08004da0       0x24 CMakeFiles/motor_lib.dir/Lib/Motor/Core/API/Motor_API.cpp.obj
                0x08004da0                Lib_Motor::MotorAPI::deInit()
 .text._ZN9Lib_Motor8MotorAPID2Ev
                0x08004dc4       0x28 CMakeFiles/motor_lib.dir/Lib/Motor/Core/API/Motor_API.cpp.obj
                0x08004dc4                Lib_Motor::MotorAPI::~MotorAPI()
                0x08004dc4                Lib_Motor::MotorAPI::~MotorAPI()
 .text._ZN9Lib_Motor8MotorAPI5startEv
                0x08004dec       0x58 CMakeFiles/motor_lib.dir/Lib/Motor/Core/API/Motor_API.cpp.obj
                0x08004dec                Lib_Motor::MotorAPI::start()
 .text._ZN9Lib_Motor8MotorAPI4stopENS_8StopModeE
                0x08004e44       0x50 CMakeFiles/motor_lib.dir/Lib/Motor/Core/API/Motor_API.cpp.obj
                0x08004e44                Lib_Motor::MotorAPI::stop(Lib_Motor::StopMode)
 .text._ZN9Lib_Motor8MotorAPI13emergencyStopEv
                0x08004e94       0x20 CMakeFiles/motor_lib.dir/Lib/Motor/Core/API/Motor_API.cpp.obj
                0x08004e94                Lib_Motor::MotorAPI::emergencyStop()
 .text._ZN9Lib_Motor8MotorAPI10clearFaultEv
                0x08004eb4       0x20 CMakeFiles/motor_lib.dir/Lib/Motor/Core/API/Motor_API.cpp.obj
                0x08004eb4                Lib_Motor::MotorAPI::clearFault()
 .text._ZNK9Lib_Motor8MotorAPI14getMonitorDataERNS_16MotorMonitorDataE
                0x08004ed4       0x3c CMakeFiles/motor_lib.dir/Lib/Motor/Core/API/Motor_API.cpp.obj
                0x08004ed4                Lib_Motor::MotorAPI::getMonitorData(Lib_Motor::MotorMonitorData&) const
 .text._ZNK9Lib_Motor8MotorAPI8getStateEv
                0x08004f10       0x1c CMakeFiles/motor_lib.dir/Lib/Motor/Core/API/Motor_API.cpp.obj
                0x08004f10                Lib_Motor::MotorAPI::getState() const
 .text.Motor_Global_Process_Handler
                0x08004f2c       0x14 CMakeFiles/motor_lib.dir/Lib/Motor/Core/API/Motor_API.cpp.obj
                0x08004f2c                Motor_Global_Process_Handler
 .text._ZN9Lib_Motor15foc_sin_cos_f32EfRfS0_
                0x08004f40       0xac CMakeFiles/motor_lib.dir/Lib/Motor/Core/Debug/Motor_ManagerDebug.cpp.obj
                0x08004f40                Lib_Motor::foc_sin_cos_f32(float, float&, float&)
 .text._ZN9Lib_Motor19SlidingModeObserver6updateEfffffPNS_16ObserverEstimateE
                0x08004fec      0x428 CMakeFiles/motor_lib.dir/Lib/Motor/Core/Debug/Motor_ManagerDebug.cpp.obj
                0x08004fec                Lib_Motor::SlidingModeObserver::update(float, float, float, float, float, Lib_Motor::ObserverEstimate*)
 .text._ZN9Lib_Motor25HighFreqInjectionObserver19getInjectionCommandEv
                0x08005414       0x68 CMakeFiles/motor_lib.dir/Lib/Motor/Core/Debug/Motor_ManagerDebug.cpp.obj
                0x08005414                Lib_Motor::HighFreqInjectionObserver::getInjectionCommand()
 .text._ZN9Lib_Motor25HighFreqInjectionObserver14clampSymmetricEff
                0x0800547c       0x3a CMakeFiles/motor_lib.dir/Lib/Motor/Core/Debug/Motor_ManagerDebug.cpp.obj
                0x0800547c                Lib_Motor::HighFreqInjectionObserver::clampSymmetric(float, float)
 *fill*         0x080054b6        0x2 
 .text._ZN9Lib_Motor25HighFreqInjectionObserver12setPllLimitsEff
                0x080054b8       0x60 CMakeFiles/motor_lib.dir/Lib/Motor/Core/Debug/Motor_ManagerDebug.cpp.obj
                0x080054b8                Lib_Motor::HighFreqInjectionObserver::setPllLimits(float, float)
 .text._ZN9Lib_Motor25HighFreqInjectionObserver9updatePllEff
                0x08005518       0x84 CMakeFiles/motor_lib.dir/Lib/Motor/Core/Debug/Motor_ManagerDebug.cpp.obj
                0x08005518                Lib_Motor::HighFreqInjectionObserver::updatePll(float, float)
 .text._ZNK9Lib_Motor25HighFreqInjectionObserver12fillEstimateEPNS_16ObserverEstimateE
                0x0800559c       0x9c CMakeFiles/motor_lib.dir/Lib/Motor/Core/Debug/Motor_ManagerDebug.cpp.obj
                0x0800559c                Lib_Motor::HighFreqInjectionObserver::fillEstimate(Lib_Motor::ObserverEstimate*) const
 .text._ZN9Lib_Motor25HighFreqInjectionObserver6updateEfffffPNS_16ObserverEstimateE
                0x08005638      0x3c8 CMakeFiles/motor_lib.dir/Lib/Motor/Core/Debug/Motor_ManagerDebug.cpp.obj
                0x08005638                Lib_Motor::HighFreqInjectionObserver::update(float, float, float, float, float, Lib_Motor::ObserverEstimate*)
 .text._ZN9Lib_Motor12MotorManager12runPWMManualEv
                0x08005a00       0x26 CMakeFiles/motor_lib.dir/Lib/Motor/Core/Debug/Motor_ManagerDebug.cpp.obj
                0x08005a00                Lib_Motor::MotorManager::runPWMManual()
 *fill*         0x08005a26        0x2 
 .text._ZN9Lib_Motor12MotorManager12runVFControlEv
                0x08005a28      0x26c CMakeFiles/motor_lib.dir/Lib/Motor/Core/Debug/Motor_ManagerDebug.cpp.obj
                0x08005a28                Lib_Motor::MotorManager::runVFControl()
 .text._ZN9Lib_Motor12MotorManager18runHFIObserverTestEv
                0x08005c94      0x330 CMakeFiles/motor_lib.dir/Lib/Motor/Core/Debug/Motor_ManagerDebug.cpp.obj
                0x08005c94                Lib_Motor::MotorManager::runHFIObserverTest()
 .text._ZN9Lib_Motor12MotorManager20runHFIShadowObserverEb
                0x08005fc4      0x20c CMakeFiles/motor_lib.dir/Lib/Motor/Core/Debug/Motor_ManagerDebug.cpp.obj
                0x08005fc4                Lib_Motor::MotorManager::runHFIShadowObserver(bool)
 .text._ZN9Lib_Motor12MotorManager20runSMOShadowObserverEv
                0x080061d0       0x84 CMakeFiles/motor_lib.dir/Lib/Motor/Core/Debug/Motor_ManagerDebug.cpp.obj
                0x080061d0                Lib_Motor::MotorManager::runSMOShadowObserver()
 .text._ZN9Lib_Motor14Motor_AngleFSM23validateClosedLoopEntryERNS_12MotorManagerE
                0x08006254       0x78 CMakeFiles/motor_lib.dir/Lib/Motor/Core/FSM/AngleFSM/Motor_AngleFSM.cpp.obj
                0x08006254                Lib_Motor::Motor_AngleFSM::validateClosedLoopEntry(Lib_Motor::MotorManager&)
 .text._ZN9Lib_Motor14Motor_AngleFSM5clearERNS_12MotorManagerE
                0x080062cc        0xa CMakeFiles/motor_lib.dir/Lib/Motor/Core/FSM/AngleFSM/Motor_AngleFSM.cpp.obj
                0x080062cc                Lib_Motor::Motor_AngleFSM::clear(Lib_Motor::MotorManager&)
 .text._ZN9Lib_Motor14Motor_AngleFSM15useSensorSourceERNS_12MotorManagerE
                0x080062d6       0x60 CMakeFiles/motor_lib.dir/Lib/Motor/Core/FSM/AngleFSM/Motor_AngleFSM.cpp.obj
                0x080062d6                Lib_Motor::Motor_AngleFSM::useSensorSource(Lib_Motor::MotorManager&)
 *fill*         0x08006336        0x2 
 .text._ZN9Lib_Motor14Motor_AngleFSM12useSmoSourceERNS_12MotorManagerE
                0x08006338      0x4f8 CMakeFiles/motor_lib.dir/Lib/Motor/Core/FSM/AngleFSM/Motor_AngleFSM.cpp.obj
                0x08006338                Lib_Motor::Motor_AngleFSM::useSmoSource(Lib_Motor::MotorManager&)
 .text._ZN9Lib_Motor14Motor_AngleFSM12useHfiSourceERNS_12MotorManagerE
                0x08006830      0x23c CMakeFiles/motor_lib.dir/Lib/Motor/Core/FSM/AngleFSM/Motor_AngleFSM.cpp.obj
                0x08006830                Lib_Motor::Motor_AngleFSM::useHfiSource(Lib_Motor::MotorManager&)
 .text._ZN9Lib_Motor14Motor_AngleFSM4stepERNS_12MotorManagerE
                0x08006a6c       0x4e CMakeFiles/motor_lib.dir/Lib/Motor/Core/FSM/AngleFSM/Motor_AngleFSM.cpp.obj
                0x08006a6c                Lib_Motor::Motor_AngleFSM::step(Lib_Motor::MotorManager&)
 .text._ZN9Lib_Motor16Motor_CommandFSM4stepERNS_12MotorManagerE
                0x08006aba       0x28 CMakeFiles/motor_lib.dir/Lib/Motor/Core/FSM/CommandFSM/Motor_CommandFSM.cpp.obj
                0x08006aba                Lib_Motor::Motor_CommandFSM::step(Lib_Motor::MotorManager&)
 .text._ZN9Lib_Motor16Motor_CommandFSM10selectModeERNS_12MotorManagerENS_4ModeE
                0x08006ae2       0x1e CMakeFiles/motor_lib.dir/Lib/Motor/Core/FSM/CommandFSM/Motor_CommandFSM.cpp.obj
                0x08006ae2                Lib_Motor::Motor_CommandFSM::selectMode(Lib_Motor::MotorManager&, Lib_Motor::Mode)
 .text._ZN9Lib_Motor16Motor_CommandFSM12requestStartERNS_12MotorManagerE
                0x08006b00        0xc CMakeFiles/motor_lib.dir/Lib/Motor/Core/FSM/CommandFSM/Motor_CommandFSM.cpp.obj
                0x08006b00                Lib_Motor::Motor_CommandFSM::requestStart(Lib_Motor::MotorManager&)
 .text._ZN9Lib_Motor16Motor_CommandFSM11requestStopERNS_12MotorManagerENS_8StopModeE
                0x08006b0c        0xc CMakeFiles/motor_lib.dir/Lib/Motor/Core/FSM/CommandFSM/Motor_CommandFSM.cpp.obj
                0x08006b0c                Lib_Motor::Motor_CommandFSM::requestStop(Lib_Motor::MotorManager&, Lib_Motor::StopMode)
 .text._ZN9Lib_Motor16Motor_CommandFSM20requestEmergencyStopERNS_12MotorManagerE
                0x08006b18       0x1e CMakeFiles/motor_lib.dir/Lib/Motor/Core/FSM/CommandFSM/Motor_CommandFSM.cpp.obj
                0x08006b18                Lib_Motor::Motor_CommandFSM::requestEmergencyStop(Lib_Motor::MotorManager&)
 .text._ZN9Lib_Motor18Motor_LifecycleFSM20classifyStartRequestERNS_12MotorManagerE
                0x08006b36       0x34 CMakeFiles/motor_lib.dir/Lib/Motor/Core/FSM/LifecycleFSM/Motor_LifecycleFSM.cpp.obj
                0x08006b36                Lib_Motor::Motor_LifecycleFSM::classifyStartRequest(Lib_Motor::MotorManager&)
 .text._ZN9Lib_Motor18Motor_LifecycleFSM8enterRunERNS_12MotorManagerEi
                0x08006b6a       0x40 CMakeFiles/motor_lib.dir/Lib/Motor/Core/FSM/LifecycleFSM/Motor_LifecycleFSM.cpp.obj
                0x08006b6a                Lib_Motor::Motor_LifecycleFSM::enterRun(Lib_Motor::MotorManager&, int)
 .text._ZN9Lib_Motor18Motor_LifecycleFSM13shouldStopRunERKNS_12MotorManagerE
                0x08006baa       0x1a CMakeFiles/motor_lib.dir/Lib/Motor/Core/FSM/LifecycleFSM/Motor_LifecycleFSM.cpp.obj
                0x08006baa                Lib_Motor::Motor_LifecycleFSM::shouldStopRun(Lib_Motor::MotorManager const&)
 .text._ZN9Lib_Motor18Motor_LifecycleFSM10handleInitERNS_12MotorManagerE
                0x08006bc4        0xc CMakeFiles/motor_lib.dir/Lib/Motor/Core/FSM/LifecycleFSM/Motor_LifecycleFSM.cpp.obj
                0x08006bc4                Lib_Motor::Motor_LifecycleFSM::handleInit(Lib_Motor::MotorManager&)
 .text._ZN9Lib_Motor18Motor_LifecycleFSM12handleAdcCalERNS_12MotorManagerE
                0x08006bd0       0x14 CMakeFiles/motor_lib.dir/Lib/Motor/Core/FSM/LifecycleFSM/Motor_LifecycleFSM.cpp.obj
                0x08006bd0                Lib_Motor::Motor_LifecycleFSM::handleAdcCal(Lib_Motor::MotorManager&)
 .text._ZN9Lib_Motor18Motor_LifecycleFSM10handleStopERNS_12MotorManagerE
                0x08006be4       0x4e CMakeFiles/motor_lib.dir/Lib/Motor/Core/FSM/LifecycleFSM/Motor_LifecycleFSM.cpp.obj
                0x08006be4                Lib_Motor::Motor_LifecycleFSM::handleStop(Lib_Motor::MotorManager&)
 .text._ZN9Lib_Motor18Motor_LifecycleFSM9handleRunERNS_12MotorManagerE
                0x08006c32       0x24 CMakeFiles/motor_lib.dir/Lib/Motor/Core/FSM/LifecycleFSM/Motor_LifecycleFSM.cpp.obj
                0x08006c32                Lib_Motor::Motor_LifecycleFSM::handleRun(Lib_Motor::MotorManager&)
 .text._ZN9Lib_Motor18Motor_LifecycleFSM4stepERNS_12MotorManagerE
                0x08006c56       0x28 CMakeFiles/motor_lib.dir/Lib/Motor/Core/FSM/LifecycleFSM/Motor_LifecycleFSM.cpp.obj
                0x08006c56                Lib_Motor::Motor_LifecycleFSM::step(Lib_Motor::MotorManager&)
 .text._ZN9Lib_Motor9Motor_FSM4stepERNS_12MotorManagerE
                0x08006c7e       0x1e CMakeFiles/motor_lib.dir/Lib/Motor/Core/FSM/Motor_FSM.cpp.obj
                0x08006c7e                Lib_Motor::Motor_FSM::step(Lib_Motor::MotorManager&)
 .text._ZN9Lib_Motor9Motor_FSM10selectModeERNS_12MotorManagerENS_4ModeE
                0x08006c9c        0x4 CMakeFiles/motor_lib.dir/Lib/Motor/Core/FSM/Motor_FSM.cpp.obj
                0x08006c9c                Lib_Motor::Motor_FSM::selectMode(Lib_Motor::MotorManager&, Lib_Motor::Mode)
 .text._ZN9Lib_Motor9Motor_FSM12requestStartERNS_12MotorManagerE
                0x08006ca0        0x4 CMakeFiles/motor_lib.dir/Lib/Motor/Core/FSM/Motor_FSM.cpp.obj
                0x08006ca0                Lib_Motor::Motor_FSM::requestStart(Lib_Motor::MotorManager&)
 .text._ZN9Lib_Motor9Motor_FSM11requestStopERNS_12MotorManagerENS_8StopModeE
                0x08006ca4        0x4 CMakeFiles/motor_lib.dir/Lib/Motor/Core/FSM/Motor_FSM.cpp.obj
                0x08006ca4                Lib_Motor::Motor_FSM::requestStop(Lib_Motor::MotorManager&, Lib_Motor::StopMode)
 .text._ZN9Lib_Motor9Motor_FSM20requestEmergencyStopERNS_12MotorManagerE
                0x08006ca8        0x4 CMakeFiles/motor_lib.dir/Lib/Motor/Core/FSM/Motor_FSM.cpp.obj
                0x08006ca8                Lib_Motor::Motor_FSM::requestEmergencyStop(Lib_Motor::MotorManager&)
 .text._ZN9Lib_Motor9Motor_FSM17clearFaultBitsNowERNS_12MotorManagerE
                0x08006cac       0x22 CMakeFiles/motor_lib.dir/Lib/Motor/Core/FSM/Motor_FSM.cpp.obj
                0x08006cac                Lib_Motor::Motor_FSM::clearFaultBitsNow(Lib_Motor::MotorManager&)
 .text._ZN9Lib_Motor9Motor_FSM20clearFaultAndStopNowERNS_12MotorManagerE
                0x08006cce       0x1e CMakeFiles/motor_lib.dir/Lib/Motor/Core/FSM/Motor_FSM.cpp.obj
                0x08006cce                Lib_Motor::Motor_FSM::clearFaultAndStopNow(Lib_Motor::MotorManager&)
 .text._ZN9Lib_Motor9Motor_FSM10latchFaultERNS_12MotorManagerENS_5FaultE
                0x08006cec        0x4 CMakeFiles/motor_lib.dir/Lib/Motor/Core/FSM/Motor_FSM.cpp.obj
                0x08006cec                Lib_Motor::Motor_FSM::latchFault(Lib_Motor::MotorManager&, Lib_Motor::Fault)
 .text._ZN9Lib_Motor9Motor_FSM15runObserverStepERNS_12MotorManagerE
                0x08006cf0        0x4 CMakeFiles/motor_lib.dir/Lib/Motor/Core/FSM/Motor_FSM.cpp.obj
                0x08006cf0                Lib_Motor::Motor_FSM::runObserverStep(Lib_Motor::MotorManager&)
 .text._ZN9Lib_Motor9Motor_FSM24limitIqReferenceByEnergyERNS_12MotorManagerEff
                0x08006cf4       0x30 CMakeFiles/motor_lib.dir/Lib/Motor/Core/FSM/Motor_FSM.cpp.obj
                0x08006cf4                Lib_Motor::Motor_FSM::limitIqReferenceByEnergy(Lib_Motor::MotorManager&, float, float)
 .text._ZN9Lib_Motor9Motor_FSM23validateClosedLoopEntryERNS_12MotorManagerE
                0x08006d24        0x4 CMakeFiles/motor_lib.dir/Lib/Motor/Core/FSM/Motor_FSM.cpp.obj
                0x08006d24                Lib_Motor::Motor_FSM::validateClosedLoopEntry(Lib_Motor::MotorManager&)
 .text._ZN9Lib_Motor19SlidingModeObserver9seedAngleEf
                0x08006d28       0x2a CMakeFiles/motor_lib.dir/Lib/Motor/Core/FSM/RunPhaseFSM/Motor_RunPhaseFSM.cpp.obj
                0x08006d28                Lib_Motor::SlidingModeObserver::seedAngle(float)
 .text._ZN9Lib_Motor17Motor_RunPhaseFSM18selectInitialPhaseERNS_12MotorManagerEb
                0x08006d52        0x8 CMakeFiles/motor_lib.dir/Lib/Motor/Core/FSM/RunPhaseFSM/Motor_RunPhaseFSM.cpp.obj
                0x08006d52                Lib_Motor::Motor_RunPhaseFSM::selectInitialPhase(Lib_Motor::MotorManager&, bool)
 .text._ZN9Lib_Motor17Motor_RunPhaseFSM15handleAlignmentERNS_12MotorManagerE
                0x08006d5a       0x38 CMakeFiles/motor_lib.dir/Lib/Motor/Core/FSM/RunPhaseFSM/Motor_RunPhaseFSM.cpp.obj
                0x08006d5a                Lib_Motor::Motor_RunPhaseFSM::handleAlignment(Lib_Motor::MotorManager&)
 .text._ZN9Lib_Motor17Motor_RunPhaseFSM15handleForceDragERNS_12MotorManagerE
                0x08006d92       0x68 CMakeFiles/motor_lib.dir/Lib/Motor/Core/FSM/RunPhaseFSM/Motor_RunPhaseFSM.cpp.obj
                0x08006d92                Lib_Motor::Motor_RunPhaseFSM::handleForceDrag(Lib_Motor::MotorManager&)
 .text._ZN9Lib_Motor17Motor_RunPhaseFSM9handleSmoERNS_12MotorManagerE
                0x08006dfa       0x66 CMakeFiles/motor_lib.dir/Lib/Motor/Core/FSM/RunPhaseFSM/Motor_RunPhaseFSM.cpp.obj
                0x08006dfa                Lib_Motor::Motor_RunPhaseFSM::handleSmo(Lib_Motor::MotorManager&)
 .text._ZN9Lib_Motor17Motor_RunPhaseFSM9handleHfiERNS_12MotorManagerE
                0x08006e60       0x72 CMakeFiles/motor_lib.dir/Lib/Motor/Core/FSM/RunPhaseFSM/Motor_RunPhaseFSM.cpp.obj
                0x08006e60                Lib_Motor::Motor_RunPhaseFSM::handleHfi(Lib_Motor::MotorManager&)
 .text._ZN9Lib_Motor17Motor_RunPhaseFSM4stepERNS_12MotorManagerE
                0x08006ed2       0x24 CMakeFiles/motor_lib.dir/Lib/Motor/Core/FSM/RunPhaseFSM/Motor_RunPhaseFSM.cpp.obj
                0x08006ed2                Lib_Motor::Motor_RunPhaseFSM::step(Lib_Motor::MotorManager&)
 .text._ZN9Lib_Motor15Motor_SafetyFSM17clearLatchedFaultERNS_12MotorManagerE
                0x08006ef6        0xa CMakeFiles/motor_lib.dir/Lib/Motor/Core/FSM/SafetyFSM/Motor_SafetyFSM.cpp.obj
                0x08006ef6                Lib_Motor::Motor_SafetyFSM::clearLatchedFault(Lib_Motor::MotorManager&)
 .text._ZN9Lib_Motor15Motor_SafetyFSM22ignoresFaultTransitionENS_5StateENS_5FaultE
                0x08006f00       0x1e CMakeFiles/motor_lib.dir/Lib/Motor/Core/FSM/SafetyFSM/Motor_SafetyFSM.cpp.obj
                0x08006f00                Lib_Motor::Motor_SafetyFSM::ignoresFaultTransition(Lib_Motor::State, Lib_Motor::Fault)
 .text._ZN9Lib_Motor15Motor_SafetyFSM17enterFaultLatchedERNS_12MotorManagerE
                0x08006f1e       0x72 CMakeFiles/motor_lib.dir/Lib/Motor/Core/FSM/SafetyFSM/Motor_SafetyFSM.cpp.obj
                0x08006f1e                Lib_Motor::Motor_SafetyFSM::enterFaultLatched(Lib_Motor::MotorManager&)
 .text._ZN9Lib_Motor15Motor_SafetyFSM4stepERNS_12MotorManagerE
                0x08006f90        0xc CMakeFiles/motor_lib.dir/Lib/Motor/Core/FSM/SafetyFSM/Motor_SafetyFSM.cpp.obj
                0x08006f90                Lib_Motor::Motor_SafetyFSM::step(Lib_Motor::MotorManager&)
 .text._ZN9Lib_Motor15Motor_SafetyFSM10latchFaultERNS_12MotorManagerENS_5FaultE
                0x08006f9c       0x12 CMakeFiles/motor_lib.dir/Lib/Motor/Core/FSM/SafetyFSM/Motor_SafetyFSM.cpp.obj
                0x08006f9c                Lib_Motor::Motor_SafetyFSM::latchFault(Lib_Motor::MotorManager&, Lib_Motor::Fault)
 .text._ZN9Lib_Motor13Motor_StopFSM5clearERNS_12MotorManagerE
                0x08006fae        0x6 CMakeFiles/motor_lib.dir/Lib/Motor/Core/FSM/StopFSM/Motor_StopFSM.cpp.obj
                0x08006fae                Lib_Motor::Motor_StopFSM::clear(Lib_Motor::MotorManager&)
 .text._ZN9Lib_Motor13Motor_StopFSM18applyResolvedStateERNS_12MotorManagerENS_9StopStateE
                0x08006fb4       0x4c CMakeFiles/motor_lib.dir/Lib/Motor/Core/FSM/StopFSM/Motor_StopFSM.cpp.obj
                0x08006fb4                Lib_Motor::Motor_StopFSM::applyResolvedState(Lib_Motor::MotorManager&, Lib_Motor::StopState)
 .text._ZN9Lib_Motor13Motor_StopFSM23canApplyElectricalBrakeERKNS_12MotorManagerE
                0x08007000       0x16 CMakeFiles/motor_lib.dir/Lib/Motor/Core/FSM/StopFSM/Motor_StopFSM.cpp.obj
                0x08007000                Lib_Motor::Motor_StopFSM::canApplyElectricalBrake(Lib_Motor::MotorManager const&)
 .text._ZN9Lib_Motor13Motor_StopFSM12resolveStateERKNS_12MotorManagerENS_8StopModeE
                0x08007016       0x16 CMakeFiles/motor_lib.dir/Lib/Motor/Core/FSM/StopFSM/Motor_StopFSM.cpp.obj
                0x08007016                Lib_Motor::Motor_StopFSM::resolveState(Lib_Motor::MotorManager const&, Lib_Motor::StopMode)
 .text._ZN9Lib_Motor13Motor_StopFSM4stepERNS_12MotorManagerE
                0x0800702c       0x1e CMakeFiles/motor_lib.dir/Lib/Motor/Core/FSM/StopFSM/Motor_StopFSM.cpp.obj
                0x0800702c                Lib_Motor::Motor_StopFSM::step(Lib_Motor::MotorManager&)
 .text._ZN9Lib_Motor15Motor_StreamFSM4stepERNS_12MotorManagerE
                0x0800704a       0x26 CMakeFiles/motor_lib.dir/Lib/Motor/Core/FSM/StreamFSM/Motor_StreamFSM.cpp.obj
                0x0800704a                Lib_Motor::Motor_StreamFSM::step(Lib_Motor::MotorManager&)
 .text._ZN9Lib_Motor15Motor_StreamFSM5clearERNS_12MotorManagerE
                0x08007070        0x6 CMakeFiles/motor_lib.dir/Lib/Motor/Core/FSM/StreamFSM/Motor_StreamFSM.cpp.obj
                0x08007070                Lib_Motor::Motor_StreamFSM::clear(Lib_Motor::MotorManager&)
 .text._ZN9Lib_Motor20MotorFeatureRegistry21supportsStartupSourceENS_13StartupSourceE
                0x08007076        0xc CMakeFiles/motor_lib.dir/Lib/Motor/Core/Feature/Motor_FeatureRegistry.cpp.obj
                0x08007076                Lib_Motor::MotorFeatureRegistry::supportsStartupSource(Lib_Motor::StartupSource)
 .text._ZN9Lib_Motor20MotorFeatureRegistry20supportsSteadySourceENS_17SteadyAngleSourceE
                0x08007082        0xc CMakeFiles/motor_lib.dir/Lib/Motor/Core/Feature/Motor_FeatureRegistry.cpp.obj
                0x08007082                Lib_Motor::MotorFeatureRegistry::supportsSteadySource(Lib_Motor::SteadyAngleSource)
 .text._ZN9Lib_Motor20MotorFeatureRegistry12supportsModeENS_4ModeE
                0x0800708e       0x14 CMakeFiles/motor_lib.dir/Lib/Motor/Core/Feature/Motor_FeatureRegistry.cpp.obj
                0x0800708e                Lib_Motor::MotorFeatureRegistry::supportsMode(Lib_Motor::Mode)
 .text._ZN9Lib_Motor20MotorFeatureRegistry24supportsDangerousTestApiEv
                0x080070a2        0x4 CMakeFiles/motor_lib.dir/Lib/Motor/Core/Feature/Motor_FeatureRegistry.cpp.obj
                0x080070a2                Lib_Motor::MotorFeatureRegistry::supportsDangerousTestApi()
 .text._ZN9Lib_Motor20MotorFeatureRegistry29isClosedLoopSourceImplementedENS_17SteadyAngleSourceE
                0x080070a6        0x8 CMakeFiles/motor_lib.dir/Lib/Motor/Core/Feature/Motor_FeatureRegistry.cpp.obj
                0x080070a6                Lib_Motor::MotorFeatureRegistry::isClosedLoopSourceImplemented(Lib_Motor::SteadyAngleSource)
 .text._ZN9Lib_Motor18MotorTargetLimiter17configuredIqLimitERKNS_11MotorConfigE
                0x080070ae       0x22 CMakeFiles/motor_lib.dir/Lib/Motor/Core/Limit/Motor_TargetLimiter.cpp.obj
                0x080070ae                Lib_Motor::MotorTargetLimiter::configuredIqLimit(Lib_Motor::MotorConfig const&)
 .text._ZN9Lib_Motor18MotorTargetLimiter19limitSpeedReferenceERKNS_11MotorConfigEfff
                0x080070d0       0x7c CMakeFiles/motor_lib.dir/Lib/Motor/Core/Limit/Motor_TargetLimiter.cpp.obj
                0x080070d0                Lib_Motor::MotorTargetLimiter::limitSpeedReference(Lib_Motor::MotorConfig const&, float, float, float)
 .text._ZN9Lib_Motor18MotorTargetLimiter16limitIqReferenceERKNS_11MotorConfigENS_4ModeEff
                0x0800714c       0xcc CMakeFiles/motor_lib.dir/Lib/Motor/Core/Limit/Motor_TargetLimiter.cpp.obj
                0x0800714c                Lib_Motor::MotorTargetLimiter::limitIqReference(Lib_Motor::MotorConfig const&, Lib_Motor::Mode, float, float)
 .text._ZN9Lib_Motor18MotorTargetLimiter15applyIqSlewRateERKNS_11MotorConfigEfff
                0x08007218       0xa4 CMakeFiles/motor_lib.dir/Lib/Motor/Core/Limit/Motor_TargetLimiter.cpp.obj
                0x08007218                Lib_Motor::MotorTargetLimiter::applyIqSlewRate(Lib_Motor::MotorConfig const&, float, float, float)
 .text._ZN9Lib_Motor18MotorTargetLimiter14modulationKmodENS_16ModulationMethodE
                0x080072bc       0x20 CMakeFiles/motor_lib.dir/Lib/Motor/Core/Limit/Motor_TargetLimiter.cpp.obj
                0x080072bc                Lib_Motor::MotorTargetLimiter::modulationKmod(Lib_Motor::ModulationMethod)
 .text._ZN9Lib_Motor18MotorTargetLimiter18limitVoltageVectorERKNS_11MotorConfigEffRfS4_
                0x080072dc      0x120 CMakeFiles/motor_lib.dir/Lib/Motor/Core/Limit/Motor_TargetLimiter.cpp.obj
                0x080072dc                Lib_Motor::MotorTargetLimiter::limitVoltageVector(Lib_Motor::MotorConfig const&, float, float, float&, float&)
 .text._ZN9Lib_Motor18MotorTargetLimiter16isStallCandidateERKNS_11MotorConfigEffff
                0x080073fc       0x56 CMakeFiles/motor_lib.dir/Lib/Motor/Core/Limit/Motor_TargetLimiter.cpp.obj
                0x080073fc                Lib_Motor::MotorTargetLimiter::isStallCandidate(Lib_Motor::MotorConfig const&, float, float, float, float)
 *fill*         0x08007452        0x2 
 .text._ZNK9Lib_Motor18MotorPhysicalParam21selectElectricalParamEfff.isra.0
                0x08007454       0x58 CMakeFiles/motor_lib.dir/Lib/Motor/Core/Manager/Motor_Manager.cpp.obj
 .text._ZNK9Lib_Motor18MotorPhysicalParam12ls_effectiveEv
                0x080074ac       0x74 CMakeFiles/motor_lib.dir/Lib/Motor/Core/Manager/Motor_Manager.cpp.obj
                0x080074ac                Lib_Motor::MotorPhysicalParam::ls_effective() const
 .text._ZN9Lib_Motor12MotorControl4initERKNS_11MotorConfigE
                0x08007520      0x1f0 CMakeFiles/motor_lib.dir/Lib/Motor/Core/Manager/Motor_Manager.cpp.obj
                0x08007520                Lib_Motor::MotorControl::init(Lib_Motor::MotorConfig const&)
 .text._ZN9Lib_Motor16ObserverEstimateC2Ev
                0x08007710       0x24 CMakeFiles/motor_lib.dir/Lib/Motor/Core/Manager/Motor_Manager.cpp.obj
                0x08007710                Lib_Motor::ObserverEstimate::ObserverEstimate()
                0x08007710                Lib_Motor::ObserverEstimate::ObserverEstimate()
 .text._ZN9Lib_Motor12MotorManagerC2ERKNS_11MotorConfigE
                0x08007734      0x1ec CMakeFiles/motor_lib.dir/Lib/Motor/Core/Manager/Motor_Manager.cpp.obj
                0x08007734                Lib_Motor::MotorManager::MotorManager(Lib_Motor::MotorConfig const&)
                0x08007734                Lib_Motor::MotorManager::MotorManager(Lib_Motor::MotorConfig const&)
 .text._ZN9Lib_Motor12MotorManager4initEv
                0x08007920      0x370 CMakeFiles/motor_lib.dir/Lib/Motor/Core/Manager/Motor_Manager.cpp.obj
                0x08007920                Lib_Motor::MotorManager::init()
 .text._ZN9Lib_Motor12MotorManager8setStateENS_5StateE
                0x08007c90        0x4 CMakeFiles/motor_lib.dir/Lib/Motor/Core/Manager/Motor_Manager.cpp.obj
                0x08007c90                Lib_Motor::MotorManager::setState(Lib_Motor::State)
 .text._ZN9Lib_Motor12MotorManager7setModeENS_4ModeE
                0x08007c94        0x4 CMakeFiles/motor_lib.dir/Lib/Motor/Core/Manager/Motor_Manager.cpp.obj
                0x08007c94                Lib_Motor::MotorManager::setMode(Lib_Motor::Mode)
 .text._ZN9Lib_Motor12MotorManager12requestStartEv
                0x08007c98        0x4 CMakeFiles/motor_lib.dir/Lib/Motor/Core/Manager/Motor_Manager.cpp.obj
                0x08007c98                Lib_Motor::MotorManager::requestStart()
 .text._ZN9Lib_Motor12MotorManager11requestStopENS_8StopModeE
                0x08007c9c        0x4 CMakeFiles/motor_lib.dir/Lib/Motor/Core/Manager/Motor_Manager.cpp.obj
                0x08007c9c                Lib_Motor::MotorManager::requestStop(Lib_Motor::StopMode)
 .text._ZN9Lib_Motor12MotorManager20requestEmergencyStopEv
                0x08007ca0        0x4 CMakeFiles/motor_lib.dir/Lib/Motor/Core/Manager/Motor_Manager.cpp.obj
                0x08007ca0                Lib_Motor::MotorManager::requestEmergencyStop()
 .text._ZN9Lib_Motor12MotorManager17clearFaultAndStopEv
                0x08007ca4        0x4 CMakeFiles/motor_lib.dir/Lib/Motor/Core/Manager/Motor_Manager.cpp.obj
                0x08007ca4                Lib_Motor::MotorManager::clearFaultAndStop()
 .text._ZN9Lib_Motor12MotorManager4tickEv
                0x08007ca8      0x1d4 CMakeFiles/motor_lib.dir/Lib/Motor/Core/Manager/Motor_Manager.cpp.obj
                0x08007ca8                Lib_Motor::MotorManager::tick()
 .text._ZN9Lib_Motor12MotorManager21resetSetpointPlaybackEv
                0x08007e7c        0x2 CMakeFiles/motor_lib.dir/Lib/Motor/Core/Manager/Motor_ManagerAPI.cpp.obj
                0x08007e7c                Lib_Motor::MotorManager::resetSetpointPlayback()
 .text._ZN9Lib_Motor12MotorManager23serviceSetpointPlaybackEv
                0x08007e7e        0x2 CMakeFiles/motor_lib.dir/Lib/Motor/Core/Manager/Motor_ManagerAPI.cpp.obj
                0x08007e7e                Lib_Motor::MotorManager::serviceSetpointPlayback()
 .text._ZNK9Lib_Motor12MotorManager8getSpeedEv
                0x08007e80        0x6 CMakeFiles/motor_lib.dir/Lib/Motor/Core/Monitor/Motor_ManagerMonitor.cpp.obj
                0x08007e80                Lib_Motor::MotorManager::getSpeed() const
 *fill*         0x08007e86        0x2 
 .text._ZNK9Lib_Motor12MotorManager14getMonitorDataERNS_16MotorMonitorDataE
                0x08007e88      0x1ac CMakeFiles/motor_lib.dir/Lib/Motor/Core/Monitor/Motor_ManagerMonitor.cpp.obj
                0x08007e88                Lib_Motor::MotorManager::getMonitorData(Lib_Motor::MotorMonitorData&) const
 .text._ZN9Lib_Motor12MotorRunPlan18selectInitialPhaseERKNS_14MotorRunPolicyEb
                0x08008034       0x36 CMakeFiles/motor_lib.dir/Lib/Motor/Core/RunPlan/Motor_RunPlan.cpp.obj
                0x08008034                Lib_Motor::MotorRunPlan::selectInitialPhase(Lib_Motor::MotorRunPolicy const&, bool)
 *fill*         0x0800806a        0x2 
 .text._ZN9Lib_Motor13PidController6updateEffb
                0x0800806c       0xe4 CMakeFiles/motor_lib.dir/Lib/Motor/Core/Runtime/Motor_ManagerRuntime.cpp.obj
                0x0800806c                Lib_Motor::PidController::update(float, float, bool)
 .text._ZN9Lib_Motor12MotorManager15runObserverLoopEv
                0x08008150        0x4 CMakeFiles/motor_lib.dir/Lib/Motor/Core/Runtime/Motor_ManagerRuntime.cpp.obj
                0x08008150                Lib_Motor::MotorManager::runObserverLoop()
 .text._ZN9Lib_Motor12MotorManager19clearDerivedTargetsEv
                0x08008154       0x28 CMakeFiles/motor_lib.dir/Lib/Motor/Core/Runtime/Motor_ManagerRuntime.cpp.obj
                0x08008154                Lib_Motor::MotorManager::clearDerivedTargets()
 .text._ZN9Lib_Motor12MotorManager19clearControlTargetsEv
                0x0800817c       0x1e CMakeFiles/motor_lib.dir/Lib/Motor/Core/Runtime/Motor_ManagerRuntime.cpp.obj
                0x0800817c                Lib_Motor::MotorManager::clearControlTargets()
 *fill*         0x0800819a        0x2 
 .text._ZN9Lib_Motor12MotorManager18computeIqReferenceEv
                0x0800819c      0x160 CMakeFiles/motor_lib.dir/Lib/Motor/Core/Runtime/Motor_ManagerRuntime.cpp.obj
                0x0800819c                Lib_Motor::MotorManager::computeIqReference()
 *fill*         0x080082fc        0x4 
 .text._ZN9Lib_Motor12MotorManager14runControlLoopEv
                0x08008300      0x2e8 CMakeFiles/motor_lib.dir/Lib/Motor/Core/Runtime/Motor_ManagerRuntime.cpp.obj
                0x08008300                Lib_Motor::MotorManager::runControlLoop()
 .text._ZN9Lib_Motor17MotorCommandGuard14isDebugOrCalibENS_4ModeE
                0x080085e8        0xc CMakeFiles/motor_lib.dir/Lib/Motor/Core/Safety/Motor_CommandGuard.cpp.obj
                0x080085e8                Lib_Motor::MotorCommandGuard::isDebugOrCalib(Lib_Motor::Mode)
 .text._ZN9Lib_Motor17MotorCommandGuard21validateModeSelectionERKNS_19MotorHardwareConfigERKNS_19MotorAlgorithmParamERKNS_14MotorRunPolicyENS_4ModeE
                0x080085f4      0x10c CMakeFiles/motor_lib.dir/Lib/Motor/Core/Safety/Motor_CommandGuard.cpp.obj
                0x080085f4                Lib_Motor::MotorCommandGuard::validateModeSelection(Lib_Motor::MotorHardwareConfig const&, Lib_Motor::MotorAlgorithmParam const&, Lib_Motor::MotorRunPolicy const&, Lib_Motor::Mode)
 .text._ZN9Lib_Motor17MotorCommandGuard21validateModeSelectionERKNS_11MotorConfigERKNS_14MotorRunPolicyENS_4ModeE
                0x08008700       0xf0 CMakeFiles/motor_lib.dir/Lib/Motor/Core/Safety/Motor_CommandGuard.cpp.obj
                0x08008700                Lib_Motor::MotorCommandGuard::validateModeSelection(Lib_Motor::MotorConfig const&, Lib_Motor::MotorRunPolicy const&, Lib_Motor::Mode)
 .text._ZN9Lib_Motor16MotorConfigCheck12validateBaseERKNS_11MotorConfigEPNS_22MotorConfigFaultDetailE
                0x080087f0      0x3b8 CMakeFiles/motor_lib.dir/Lib/Motor/Core/Safety/Motor_ConfigCheck.cpp.obj
                0x080087f0                Lib_Motor::MotorConfigCheck::validateBase(Lib_Motor::MotorConfig const&, Lib_Motor::MotorConfigFaultDetail*)
 .text._ZN9Lib_Motor16MotorConfigCheck25validateStartupTargetModeERKNS_11MotorConfigEPNS_22MotorConfigFaultDetailE
                0x08008ba8       0xf8 CMakeFiles/motor_lib.dir/Lib/Motor/Core/Safety/Motor_ConfigCheck.cpp.obj
                0x08008ba8                Lib_Motor::MotorConfigCheck::validateStartupTargetMode(Lib_Motor::MotorConfig const&, Lib_Motor::MotorConfigFaultDetail*)
 .text._ZN9Lib_Motor16MotorConfigCheck11validSensorEPKNS_17SensorInterface_tE
                0x08008ca0       0x14 CMakeFiles/motor_lib.dir/Lib/Motor/Core/Safety/Motor_ConfigCheck.cpp.obj
                0x08008ca0                Lib_Motor::MotorConfigCheck::validSensor(Lib_Motor::SensorInterface_t const*)
 .text._ZN9Lib_Motor16MotorConfigCheck16validateFeedbackERKNS_19MotorHardwareConfigERKNS_19MotorAlgorithmParamERKNS_14MotorRunPolicyEPNS_22MotorConfigFaultDetailE
                0x08008cb4      0x500 CMakeFiles/motor_lib.dir/Lib/Motor/Core/Safety/Motor_ConfigCheck.cpp.obj
                0x08008cb4                Lib_Motor::MotorConfigCheck::validateFeedback(Lib_Motor::MotorHardwareConfig const&, Lib_Motor::MotorAlgorithmParam const&, Lib_Motor::MotorRunPolicy const&, Lib_Motor::MotorConfigFaultDetail*)
 .text._ZN9Lib_Motor16MotorConfigCheck16validateFeedbackERKNS_11MotorConfigERKNS_14MotorRunPolicyEPNS_22MotorConfigFaultDetailE
                0x080091b4       0xf0 CMakeFiles/motor_lib.dir/Lib/Motor/Core/Safety/Motor_ConfigCheck.cpp.obj
                0x080091b4                Lib_Motor::MotorConfigCheck::validateFeedback(Lib_Motor::MotorConfig const&, Lib_Motor::MotorRunPolicy const&, Lib_Motor::MotorConfigFaultDetail*)
 .text._ZN9Lib_Motor16MotorConfigCheck16validateFeedbackERKNS_11MotorConfigEPNS_22MotorConfigFaultDetailE
                0x080092a4        0xa CMakeFiles/motor_lib.dir/Lib/Motor/Core/Safety/Motor_ConfigCheck.cpp.obj
                0x080092a4                Lib_Motor::MotorConfigCheck::validateFeedback(Lib_Motor::MotorConfig const&, Lib_Motor::MotorConfigFaultDetail*)
 .text._ZN9Lib_MotorL14secondsToTicksEff
                0x080092ae       0x38 CMakeFiles/motor_lib.dir/Lib/Motor/Core/Safety/Motor_ManagerSafety.cpp.obj
 .text._ZN9Lib_Motor12MotorManager14runSafetyCheckEv
                0x080092e6       0x46 CMakeFiles/motor_lib.dir/Lib/Motor/Core/Safety/Motor_ManagerSafety.cpp.obj
                0x080092e6                Lib_Motor::MotorManager::runSafetyCheck()
 .text._ZN9Lib_Motor12MotorManager15clearStallStateEv
                0x0800932c       0x1c CMakeFiles/motor_lib.dir/Lib/Motor/Core/Safety/Motor_ManagerSafety.cpp.obj
                0x0800932c                Lib_Motor::MotorManager::clearStallState()
 .text._ZNK9Lib_Motor12MotorManager21validateModeSelectionENS_4ModeE
                0x08009348        0xc CMakeFiles/motor_lib.dir/Lib/Motor/Core/Safety/Motor_ManagerSafety.cpp.obj
                0x08009348                Lib_Motor::MotorManager::validateModeSelection(Lib_Motor::Mode) const
 .text._ZN9Lib_Motor12MotorManager21prepareModeTransitionENS_4ModeES1_
                0x08009354       0xbc CMakeFiles/motor_lib.dir/Lib/Motor/Core/Safety/Motor_ManagerSafety.cpp.obj
                0x08009354                Lib_Motor::MotorManager::prepareModeTransition(Lib_Motor::Mode, Lib_Motor::Mode)
 .text._ZN9Lib_Motor12MotorManager16transitionToStopENS_8StopModeEbb
                0x08009410       0xee CMakeFiles/motor_lib.dir/Lib/Motor/Core/Safety/Motor_ManagerSafety.cpp.obj
                0x08009410                Lib_Motor::MotorManager::transitionToStop(Lib_Motor::StopMode, bool, bool)
 *fill*         0x080094fe        0x2 
 .text._ZN9Lib_Motor12MotorManager21updateStallProtectionEfff
                0x08009500      0x1e4 CMakeFiles/motor_lib.dir/Lib/Motor/Core/Safety/Motor_ManagerSafety.cpp.obj
                0x08009500                Lib_Motor::MotorManager::updateStallProtection(float, float, float)
 .text._ZN9Lib_Motor12MotorManager26processPendingStallRestartEv
                0x080096e4       0x5c CMakeFiles/motor_lib.dir/Lib/Motor/Core/Safety/Motor_ManagerSafety.cpp.obj
                0x080096e4                Lib_Motor::MotorManager::processPendingStallRestart()
 .text._ZN9Lib_Motor12MotorManager8setFaultENS_5FaultE
                0x08009740        0x8 CMakeFiles/motor_lib.dir/Lib/Motor/Core/Safety/Motor_ManagerSafety.cpp.obj
                0x08009740                Lib_Motor::MotorManager::setFault(Lib_Motor::Fault)
 .text._ZN9Lib_Motor12MotorManager20setConfigFaultDetailENS_22MotorConfigFaultDetailE
                0x08009748        0x4 CMakeFiles/motor_lib.dir/Lib/Motor/Core/Safety/Motor_ManagerSafety.cpp.obj
                0x08009748                Lib_Motor::MotorManager::setConfigFaultDetail(Lib_Motor::MotorConfigFaultDetail)
 .text._ZN9Lib_Motor12MotorManager12stopForFaultENS_5FaultE
                0x0800974c        0x4 CMakeFiles/motor_lib.dir/Lib/Motor/Core/Safety/Motor_ManagerSafety.cpp.obj
                0x0800974c                Lib_Motor::MotorManager::stopForFault(Lib_Motor::Fault)
 .text._ZN9Lib_Motor12MotorManager29validateControlFeedbackSourceEv
                0x08009750        0x4 CMakeFiles/motor_lib.dir/Lib/Motor/Core/Safety/Motor_ManagerSafety.cpp.obj
                0x08009750                Lib_Motor::MotorManager::validateControlFeedbackSource()
 .text._ZNK9Lib_Motor12MotorManager16checkConfigValidERKNS_11MotorConfigE
                0x08009754       0x12 CMakeFiles/motor_lib.dir/Lib/Motor/Core/Safety/Motor_ManagerSafety.cpp.obj
                0x08009754                Lib_Motor::MotorManager::checkConfigValid(Lib_Motor::MotorConfig const&) const
 .text._ZN9Lib_Motor19MotorRuntimeMonitor5checkERKNS_15MotorLimitParamERKNS_16MotorSensorParamEffffPKfNS_5StateEPNS_5FaultE
                0x08009766       0xa4 CMakeFiles/motor_lib.dir/Lib/Motor/Core/Safety/Motor_RuntimeMonitor.cpp.obj
                0x08009766                Lib_Motor::MotorRuntimeMonitor::check(Lib_Motor::MotorLimitParam const&, Lib_Motor::MotorSensorParam const&, float, float, float, float, float const*, Lib_Motor::State, Lib_Motor::Fault*)
 *fill*         0x0800980a        0x2 
 .text._ZN9Lib_Motor17MotorSignalHealth21updatePositionSensorsERNS_12MotorManagerE
                0x0800980c      0x198 CMakeFiles/motor_lib.dir/Lib/Motor/Core/Safety/Motor_SignalHealth.cpp.obj
                0x0800980c                Lib_Motor::MotorSignalHealth::updatePositionSensors(Lib_Motor::MotorManager&)
 .text._ZN9Lib_Motor17MotorSignalHealth24checkPositionConsistencyERNS_12MotorManagerE
                0x080099a4        0x2 CMakeFiles/motor_lib.dir/Lib/Motor/Core/Safety/Motor_SignalHealth.cpp.obj
                0x080099a4                Lib_Motor::MotorSignalHealth::checkPositionConsistency(Lib_Motor::MotorManager&)
 *fill*         0x080099a6        0x2 
 .text._ZN9Lib_Motor13LowPassFilter6updateEf
                0x080099a8       0x68 CMakeFiles/motor_lib.dir/Lib/Motor/Core/Sampling/Motor_ManagerSampling.cpp.obj
                0x080099a8                Lib_Motor::LowPassFilter::update(float)
 .text._ZN9Lib_Motor12MotorManager31updatePositionSensorMeasurementEv
                0x08009a10        0x4 CMakeFiles/motor_lib.dir/Lib/Motor/Core/Sampling/Motor_ManagerSampling.cpp.obj
                0x08009a10                Lib_Motor::MotorManager::updatePositionSensorMeasurement()
 .text._ZN9Lib_Motor12MotorManager17runAdcCalibrationEv
                0x08009a14       0xe0 CMakeFiles/motor_lib.dir/Lib/Motor/Core/Sampling/Motor_ManagerSampling.cpp.obj
                0x08009a14                Lib_Motor::MotorManager::runAdcCalibration()
 .text._ZN9Lib_Motor12MotorManager12calculateNTCEth
                0x08009af4       0x7c CMakeFiles/motor_lib.dir/Lib/Motor/Core/Sampling/Motor_ManagerSampling.cpp.obj
                0x08009af4                Lib_Motor::MotorManager::calculateNTC(unsigned short, unsigned char)
 .text._ZN9Lib_Motor12MotorManager24updateSensorMeasurementsEv
                0x08009b70      0x1cc CMakeFiles/motor_lib.dir/Lib/Motor/Core/Sampling/Motor_ManagerSampling.cpp.obj
                0x08009b70                Lib_Motor::MotorManager::updateSensorMeasurements()
 .text._ZN9Lib_Motor13PidController6updateEff
                0x08009d3c       0xd8 CMakeFiles/motor_lib.dir/Lib/Motor/Core/Startup/Motor_ManagerStartup.cpp.obj
                0x08009d3c                Lib_Motor::PidController::update(float, float)
 .text._ZN9Lib_Motor14svpwm_modulateEfffPf
                0x08009e14       0xb0 CMakeFiles/motor_lib.dir/Lib/Motor/Core/Startup/Motor_ManagerStartup.cpp.obj
                0x08009e14                Lib_Motor::svpwm_modulate(float, float, float, float*)
 .text._ZN9Lib_Motor13spwm_modulateEfffPf
                0x08009ec4       0x60 CMakeFiles/motor_lib.dir/Lib/Motor/Core/Startup/Motor_ManagerStartup.cpp.obj
                0x08009ec4                Lib_Motor::spwm_modulate(float, float, float, float*)
 .text._ZN9Lib_Motor12MotorManager26resetIFStartupProfileStateEv
                0x08009f24       0x26 CMakeFiles/motor_lib.dir/Lib/Motor/Core/Startup/Motor_ManagerStartup.cpp.obj
                0x08009f24                Lib_Motor::MotorManager::resetIFStartupProfileState()
 *fill*         0x08009f4a        0x2 
 .text._ZN9Lib_Motor12MotorManager26getIFStartupProfileCommandERfS1_S1_
                0x08009f4c      0x12c CMakeFiles/motor_lib.dir/Lib/Motor/Core/Startup/Motor_ManagerStartup.cpp.obj
                0x08009f4c                Lib_Motor::MotorManager::getIFStartupProfileCommand(float&, float&, float&)
 .text._ZN9Lib_Motor12MotorManager24getDebugVFProfileCommandERfS1_
                0x0800a078      0x10c CMakeFiles/motor_lib.dir/Lib/Motor/Core/Startup/Motor_ManagerStartup.cpp.obj
                0x0800a078                Lib_Motor::MotorManager::getDebugVFProfileCommand(float&, float&)
 .text._ZN9Lib_Motor12MotorManager24getDebugIFProfileCommandERfS1_S1_
                0x0800a184      0x12c CMakeFiles/motor_lib.dir/Lib/Motor/Core/Startup/Motor_ManagerStartup.cpp.obj
                0x0800a184                Lib_Motor::MotorManager::getDebugIFProfileCommand(float&, float&, float&)
 .text._ZN9Lib_Motor12MotorManager14runCurrentLockEv
                0x0800a2b0      0x11c CMakeFiles/motor_lib.dir/Lib/Motor/Core/Startup/Motor_ManagerStartup.cpp.obj
                0x0800a2b0                Lib_Motor::MotorManager::runCurrentLock()
 .text._ZN9Lib_Motor12MotorManager12runIFControlEv
                0x0800a3cc      0x2bc CMakeFiles/motor_lib.dir/Lib/Motor/Core/Startup/Motor_ManagerStartup.cpp.obj
                0x0800a3cc                Lib_Motor::MotorManager::runIFControl()
 .text.Platform_VOFA_Init
                0x0800a688       0x14 CMakeFiles/motor_lib.dir/Platform/Communication/VOFA/Platform_VOFA.cpp.obj
                0x0800a688                Platform_VOFA_Init
 .text.Platform_VOFA_SendFloat
                0x0800a69c        0x4 CMakeFiles/motor_lib.dir/Platform/Communication/VOFA/Platform_VOFA.cpp.obj
                0x0800a69c                Platform_VOFA_SendFloat
 .text._Z19Platform_Motor_Initv
                0x0800a6a0      0x44c CMakeFiles/motor_lib.dir/Platform/Motor/Platform_Motor.cpp.obj
                0x0800a6a0                Platform_Motor_Init()
 .text.startup._GLOBAL__sub_I_Global_Motor_0
                0x0800aaec       0x24 CMakeFiles/motor_lib.dir/Platform/Motor/Platform_Motor.cpp.obj
 .text.User_Init
                0x0800ab10        0xe CMakeFiles/motor_lib.dir/UserAPP/Usermain.cpp.obj
                0x0800ab10                User_Init
 *fill*         0x0800ab1e        0x2 
 .text.User_Loop
                0x0800ab20       0x90 CMakeFiles/motor_lib.dir/UserAPP/Usermain.cpp.obj
                0x0800ab20                User_Loop
 .text.__aeabi_atexit
                0x0800abb0        0xa D:/SoftWare/STM32CubeCLT_1.21.0/GNU-tools-for-STM32/bin/../lib/gcc/arm-none-eabi/14.3.1/../../../../arm-none-eabi/lib/thumb/v7e-m+fp/hard\libstdc++_nano.a(atexit_arm.o)
                0x0800abb0                __aeabi_atexit
 *fill*         0x0800abba        0x2 
 .text.atan2f   0x0800abbc        0x4 D:/SoftWare/STM32CubeCLT_1.21.0/GNU-tools-for-STM32/bin/../lib/gcc/arm-none-eabi/14.3.1/../../../../arm-none-eabi/lib/thumb/v7e-m+fp/hard\libm.a(libm_a-wf_atan2.o)
                0x0800abbc                atan2f
 .text.logf     0x0800abc0       0x60 D:/SoftWare/STM32CubeCLT_1.21.0/GNU-tools-for-STM32/bin/../lib/gcc/arm-none-eabi/14.3.1/../../../../arm-none-eabi/lib/thumb/v7e-m+fp/hard\libm.a(libm_a-wf_log.o)
                0x0800abc0                logf
 .text.sqrtf    0x0800ac20       0x44 D:/SoftWare/STM32CubeCLT_1.21.0/GNU-tools-for-STM32/bin/../lib/gcc/arm-none-eabi/14.3.1/../../../../arm-none-eabi/lib/thumb/v7e-m+fp/hard\libm.a(libm_a-wf_sqrt.o)
                0x0800ac20                sqrtf
 .text.cosf     0x0800ac64       0x70 D:/SoftWare/STM32CubeCLT_1.21.0/GNU-tools-for-STM32/bin/../lib/gcc/arm-none-eabi/14.3.1/../../../../arm-none-eabi/lib/thumb/v7e-m+fp/hard\libm.a(libm_a-sf_cos.o)
                0x0800ac64                cosf
 .text.sinf     0x0800acd4       0x74 D:/SoftWare/STM32CubeCLT_1.21.0/GNU-tools-for-STM32/bin/../lib/gcc/arm-none-eabi/14.3.1/../../../../arm-none-eabi/lib/thumb/v7e-m+fp/hard\libm.a(libm_a-sf_sin.o)
                0x0800acd4                sinf
 .text.nanf     0x0800ad48        0xc D:/SoftWare/STM32CubeCLT_1.21.0/GNU-tools-for-STM32/bin/../lib/gcc/arm-none-eabi/14.3.1/../../../../arm-none-eabi/lib/thumb/v7e-m+fp/hard\libm.a(libm_a-sf_nan.o)
                0x0800ad48                nanf
 .text.__ieee754_sqrtf
                0x0800ad54        0x8 D:/SoftWare/STM32CubeCLT_1.21.0/GNU-tools-for-STM32/bin/../lib/gcc/arm-none-eabi/14.3.1/../../../../arm-none-eabi/lib/thumb/v7e-m+fp/hard\libm.a(libm_a-ef_sqrt.o)
                0x0800ad54                __ieee754_sqrtf
 .text.__kernel_cosf
                0x0800ad5c      0x104 D:/SoftWare/STM32CubeCLT_1.21.0/GNU-tools-for-STM32/bin/../lib/gcc/arm-none-eabi/14.3.1/../../../../arm-none-eabi/lib/thumb/v7e-m+fp/hard\libm.a(libm_a-kf_cos.o)
                0x0800ad5c                __kernel_cosf
 .text.__kernel_sinf
                0x0800ae60       0x90 D:/SoftWare/STM32CubeCLT_1.21.0/GNU-tools-for-STM32/bin/../lib/gcc/arm-none-eabi/14.3.1/../../../../arm-none-eabi/lib/thumb/v7e-m+fp/hard\libm.a(libm_a-kf_sin.o)
                0x0800ae60                __kernel_sinf
 .text.__ieee754_atan2f
                0x0800aef0      0x14c D:/SoftWare/STM32CubeCLT_1.21.0/GNU-tools-for-STM32/bin/../lib/gcc/arm-none-eabi/14.3.1/../../../../arm-none-eabi/lib/thumb/v7e-m+fp/hard\libm.a(libm_a-ef_atan2.o)